<html>
<body>
<pre>
<h1>µVision Build Log</h1>
<h2>Project:</h2>
C:\JasWorkSpace\PIC\CODE\STM32\20140817\MainBoard\Project.uvproj
Project File Date:  03/10/2014

<h2>Output:</h2>
Rebuild target 'Project'
compiling main.c...
USER\sys.h(77): warning:  #177-D: variable "NVIC_InitStructure" was declared but never referenced
USER\W5200.h(224): warning:  #1295-D: Deprecated declaration ReceiveDataProcess - give arg types
USER\littlec.h(3): warning:  #1295-D: Deprecated declaration RunInterpretProgram - give arg types
USER\littlec.h(21): warning:  #1295-D: Deprecated declaration call_getch - give arg types
USER\littlec.h(22): warning:  #1295-D: Deprecated declaration call_putch - give arg types
USER\littlec.h(26): warning:  #1-D: last line of file ends without a newline
USER\time.h(4): warning:  #1295-D: Deprecated declaration InitSysTick1us - give arg types
USER\main.c(76): warning:  #177-D: variable "dataBuf" was declared but never referenced
USER\main.c(109): warning:  #223-D: function "GPIOInit" declared implicitly
USER\main.c(117): warning:  #223-D: function "Load_Net_Parameters" declared implicitly
USER\main.c(118): warning:  #223-D: function "W5200_Initialization" declared implicitly
USER\main.c(129): warning:  #223-D: function "W5200_Socket_Set" declared implicitly
USER\main.c(105): warning:  #550-D: variable "dataBuf" was set but never used
USER\main.c(106): warning:  #550-D: variable "ReadDataBuf" was set but never used
compiling stm32f10x_it.c...
compiling W5200.c...
USER\W5200.h(224): warning:  #1295-D: Deprecated declaration ReceiveDataProcess - give arg types
USER\W5200.c(913): warning:  #174-D: expression has no effect
USER\W5200.c(957): warning:  #223-D: function "memcpy" declared implicitly
compiling LITTLEC.C...
USER\littlec.h(3): warning:  #1295-D: Deprecated declaration RunInterpretProgram - give arg types
USER\littlec.h(21): warning:  #1295-D: Deprecated declaration call_getch - give arg types
USER\littlec.h(22): warning:  #1295-D: Deprecated declaration call_putch - give arg types
USER\littlec.h(26): warning:  #1-D: last line of file ends without a newline
USER\LITTLEC.C(238): warning:  #550-D: variable "tp" was set but never used
USER\LITTLEC.C(240): warning:  #177-D: variable "datatype" was declared but never referenced
compiling lclib.c...
USER\littlec.h(3): warning:  #1295-D: Deprecated declaration RunInterpretProgram - give arg types
USER\littlec.h(21): warning:  #1295-D: Deprecated declaration call_getch - give arg types
USER\littlec.h(22): warning:  #1295-D: Deprecated declaration call_putch - give arg types
USER\littlec.h(26): warning:  #1-D: last line of file ends without a newline
USER\lclib.c(36): warning:  #940-D: missing return statement at end of non-void function "getch"
USER\lclib.c(41): warning:  #2548-D: multicharacter character literal (potential portability problem)
compiling GPIO.c...
USER\GPIO.c(193): warning:  #111-D: statement is unreachable
USER\GPIO.c(196): warning:  #111-D: statement is unreachable
USER\GPIO.c(199): warning:  #111-D: statement is unreachable
USER\GPIO.c(202): warning:  #111-D: statement is unreachable
USER\GPIO.c(205): warning:  #111-D: statement is unreachable
USER\GPIO.c(208): warning:  #111-D: statement is unreachable
USER\GPIO.c(211): warning:  #111-D: statement is unreachable
USER\GPIO.c(214): warning:  #111-D: statement is unreachable
USER\GPIO.c(217): warning:  #111-D: statement is unreachable
USER\GPIO.c(220): warning:  #111-D: statement is unreachable
USER\GPIO.c(223): warning:  #111-D: statement is unreachable
USER\GPIO.c(226): warning:  #111-D: statement is unreachable
USER\GPIO.c(229): warning:  #111-D: statement is unreachable
USER\GPIO.c(232): warning:  #111-D: statement is unreachable
USER\GPIO.c(235): warning:  #111-D: statement is unreachable
USER\GPIO.c(238): warning:  #111-D: statement is unreachable
USER\GPIO.c(241): warning:  #111-D: statement is unreachable
USER\GPIO.c(243): warning:  #1-D: last line of file ends without a newline
compiling usart.c...
USER\usart.c(143): warning:  #177-D: variable "USART_ClockInitStruct" was declared but never referenced
USER\usart.c(202): warning:  #177-D: variable "USART_ClockInitStruct" was declared but never referenced
compiling time.c...
USER\time.h(4): warning:  #1295-D: Deprecated declaration InitSysTick1us - give arg types
USER\time.c(10): warning:  #1-D: last line of file ends without a newline
compiling EXIT.c...
USER\EXIT.c(87): warning:  #186-D: pointless comparison of unsigned integer with zero
USER\EXIT.c(91): warning:  #186-D: pointless comparison of unsigned integer with zero
USER\EXIT.c(95): warning:  #186-D: pointless comparison of unsigned integer with zero
compiling misc.c...
compiling stm32f10x_adc.c...
compiling stm32f10x_bkp.c...
compiling stm32f10x_can.c...
compiling stm32f10x_cec.c...
compiling stm32f10x_crc.c...
compiling stm32f10x_dac.c...
compiling stm32f10x_dbgmcu.c...
compiling stm32f10x_dma.c...
compiling stm32f10x_exti.c...
compiling stm32f10x_flash.c...
compiling stm32f10x_fsmc.c...
compiling stm32f10x_gpio.c...
compiling stm32f10x_i2c.c...
compiling stm32f10x_iwdg.c...
compiling stm32f10x_pwr.c...
compiling stm32f10x_rcc.c...
compiling stm32f10x_rtc.c...
compiling stm32f10x_sdio.c...
compiling stm32f10x_spi.c...
compiling stm32f10x_tim.c...
compiling stm32f10x_usart.c...
compiling stm32f10x_wwdg.c...
compiling core_cm3.c...
compiling system_stm32f10x.c...
assembling startup_stm32f10x_hd.s...
linking...
Program Size: Code=16688 RO-data=336 RW-data=112 ZI-data=7360  
".\USER\Output\Project.axf" - 0 Error(s), 54 Warning(s).
Rebuild target 'Project'
compiling main.c...
USER\sys.h(77): warning:  #177-D: variable "NVIC_InitStructure" was declared but never referenced
USER\W5200.h(224): warning:  #1295-D: Deprecated declaration ReceiveDataProcess - give arg types
USER\littlec.h(3): warning:  #1295-D: Deprecated declaration RunInterpretProgram - give arg types
USER\littlec.h(21): warning:  #1295-D: Deprecated declaration call_getch - give arg types
USER\littlec.h(22): warning:  #1295-D: Deprecated declaration call_putch - give arg types
USER\littlec.h(26): warning:  #1-D: last line of file ends without a newline
USER\time.h(4): warning:  #1295-D: Deprecated declaration InitSysTick1us - give arg types
USER\main.c(76): warning:  #177-D: variable "dataBuf" was declared but never referenced
USER\main.c(109): warning:  #223-D: function "GPIOInit" declared implicitly
USER\main.c(117): warning:  #223-D: function "Load_Net_Parameters" declared implicitly
USER\main.c(118): warning:  #223-D: function "W5200_Initialization" declared implicitly
USER\main.c(129): warning:  #223-D: function "W5200_Socket_Set" declared implicitly
USER\main.c(105): warning:  #550-D: variable "dataBuf" was set but never used
USER\main.c(106): warning:  #550-D: variable "ReadDataBuf" was set but never used
compiling stm32f10x_it.c...
compiling W5200.c...
USER\W5200.h(224): warning:  #1295-D: Deprecated declaration ReceiveDataProcess - give arg types
USER\W5200.c(913): warning:  #174-D: expression has no effect
USER\W5200.c(957): warning:  #223-D: function "memcpy" declared implicitly
compiling LITTLEC.C...
USER\littlec.h(3): warning:  #1295-D: Deprecated declaration RunInterpretProgram - give arg types
USER\littlec.h(21): warning:  #1295-D: Deprecated declaration call_getch - give arg types
USER\littlec.h(22): warning:  #1295-D: Deprecated declaration call_putch - give arg types
USER\littlec.h(26): warning:  #1-D: last line of file ends without a newline
USER\LITTLEC.C(238): warning:  #550-D: variable "tp" was set but never used
USER\LITTLEC.C(240): warning:  #177-D: variable "datatype" was declared but never referenced
compiling lclib.c...
USER\littlec.h(3): warning:  #1295-D: Deprecated declaration RunInterpretProgram - give arg types
USER\littlec.h(21): warning:  #1295-D: Deprecated declaration call_getch - give arg types
USER\littlec.h(22): warning:  #1295-D: Deprecated declaration call_putch - give arg types
USER\littlec.h(26): warning:  #1-D: last line of file ends without a newline
USER\lclib.c(36): warning:  #940-D: missing return statement at end of non-void function "getch"
USER\lclib.c(41): warning:  #2548-D: multicharacter character literal (potential portability problem)
compiling GPIO.c...
USER\GPIO.c(193): warning:  #111-D: statement is unreachable
USER\GPIO.c(196): warning:  #111-D: statement is unreachable
USER\GPIO.c(199): warning:  #111-D: statement is unreachable
USER\GPIO.c(202): warning:  #111-D: statement is unreachable
USER\GPIO.c(205): warning:  #111-D: statement is unreachable
USER\GPIO.c(208): warning:  #111-D: statement is unreachable
USER\GPIO.c(211): warning:  #111-D: statement is unreachable
USER\GPIO.c(214): warning:  #111-D: statement is unreachable
USER\GPIO.c(217): warning:  #111-D: statement is unreachable
USER\GPIO.c(220): warning:  #111-D: statement is unreachable
USER\GPIO.c(223): warning:  #111-D: statement is unreachable
USER\GPIO.c(226): warning:  #111-D: statement is unreachable
USER\GPIO.c(229): warning:  #111-D: statement is unreachable
USER\GPIO.c(232): warning:  #111-D: statement is unreachable
USER\GPIO.c(235): warning:  #111-D: statement is unreachable
USER\GPIO.c(238): warning:  #111-D: statement is unreachable
USER\GPIO.c(241): warning:  #111-D: statement is unreachable
USER\GPIO.c(243): warning:  #1-D: last line of file ends without a newline
compiling usart.c...
USER\usart.c(143): warning:  #177-D: variable "USART_ClockInitStruct" was declared but never referenced
USER\usart.c(202): warning:  #177-D: variable "USART_ClockInitStruct" was declared but never referenced
compiling time.c...
USER\time.h(4): warning:  #1295-D: Deprecated declaration InitSysTick1us - give arg types
USER\time.c(10): warning:  #1-D: last line of file ends without a newline
compiling EXIT.c...
USER\EXIT.c(87): warning:  #186-D: pointless comparison of unsigned integer with zero
USER\EXIT.c(91): warning:  #186-D: pointless comparison of unsigned integer with zero
USER\EXIT.c(95): warning:  #186-D: pointless comparison of unsigned integer with zero
compiling misc.c...
compiling stm32f10x_adc.c...
compiling stm32f10x_bkp.c...
compiling stm32f10x_can.c...
compiling stm32f10x_cec.c...
compiling stm32f10x_crc.c...
compiling stm32f10x_dac.c...
compiling stm32f10x_dbgmcu.c...
compiling stm32f10x_dma.c...
compiling stm32f10x_exti.c...
compiling stm32f10x_flash.c...
compiling stm32f10x_fsmc.c...
compiling stm32f10x_gpio.c...
compiling stm32f10x_i2c.c...
compiling stm32f10x_iwdg.c...
compiling stm32f10x_pwr.c...
compiling stm32f10x_rcc.c...
compiling stm32f10x_rtc.c...
compiling stm32f10x_sdio.c...
compiling stm32f10x_spi.c...
compiling stm32f10x_tim.c...
compiling stm32f10x_usart.c...
compiling stm32f10x_wwdg.c...
compiling core_cm3.c...
compiling system_stm32f10x.c...
assembling startup_stm32f10x_hd.s...
linking...
Program Size: Code=16756 RO-data=336 RW-data=112 ZI-data=7360  
".\USER\Output\Project.axf" - 0 Error(s), 54 Warning(s).
Rebuild target 'Project'
compiling main.c...
USER\sys.h(77): warning:  #177-D: variable "NVIC_InitStructure" was declared but never referenced
USER\W5200.h(224): warning:  #1295-D: Deprecated declaration ReceiveDataProcess - give arg types
USER\littlec.h(3): warning:  #1295-D: Deprecated declaration RunInterpretProgram - give arg types
USER\littlec.h(21): warning:  #1295-D: Deprecated declaration call_getch - give arg types
USER\littlec.h(22): warning:  #1295-D: Deprecated declaration call_putch - give arg types
USER\littlec.h(26): warning:  #1-D: last line of file ends without a newline
USER\time.h(4): warning:  #1295-D: Deprecated declaration InitSysTick1us - give arg types
USER\main.c(76): warning:  #177-D: variable "dataBuf" was declared but never referenced
USER\main.c(109): warning:  #223-D: function "GPIOInit" declared implicitly
USER\main.c(117): warning:  #223-D: function "Load_Net_Parameters" declared implicitly
USER\main.c(118): warning:  #223-D: function "W5200_Initialization" declared implicitly
USER\main.c(129): warning:  #223-D: function "W5200_Socket_Set" declared implicitly
USER\main.c(105): warning:  #550-D: variable "dataBuf" was set but never used
USER\main.c(106): warning:  #550-D: variable "ReadDataBuf" was set but never used
compiling stm32f10x_it.c...
compiling W5200.c...
USER\W5200.h(224): warning:  #1295-D: Deprecated declaration ReceiveDataProcess - give arg types
USER\W5200.c(913): warning:  #174-D: expression has no effect
USER\W5200.c(957): warning:  #223-D: function "memcpy" declared implicitly
compiling LITTLEC.C...
USER\littlec.h(3): warning:  #1295-D: Deprecated declaration RunInterpretProgram - give arg types
USER\littlec.h(21): warning:  #1295-D: Deprecated declaration call_getch - give arg types
USER\littlec.h(22): warning:  #1295-D: Deprecated declaration call_putch - give arg types
USER\littlec.h(26): warning:  #1-D: last line of file ends without a newline
USER\LITTLEC.C(238): warning:  #550-D: variable "tp" was set but never used
USER\LITTLEC.C(240): warning:  #177-D: variable "datatype" was declared but never referenced
compiling lclib.c...
USER\littlec.h(3): warning:  #1295-D: Deprecated declaration RunInterpretProgram - give arg types
USER\littlec.h(21): warning:  #1295-D: Deprecated declaration call_getch - give arg types
USER\littlec.h(22): warning:  #1295-D: Deprecated declaration call_putch - give arg types
USER\littlec.h(26): warning:  #1-D: last line of file ends without a newline
USER\lclib.c(36): warning:  #940-D: missing return statement at end of non-void function "getch"
USER\lclib.c(41): warning:  #2548-D: multicharacter character literal (potential portability problem)
compiling GPIO.c...
USER\GPIO.c(193): warning:  #111-D: statement is unreachable
USER\GPIO.c(196): warning:  #111-D: statement is unreachable
USER\GPIO.c(199): warning:  #111-D: statement is unreachable
USER\GPIO.c(202): warning:  #111-D: statement is unreachable
USER\GPIO.c(205): warning:  #111-D: statement is unreachable
USER\GPIO.c(208): warning:  #111-D: statement is unreachable
USER\GPIO.c(211): warning:  #111-D: statement is unreachable
USER\GPIO.c(214): warning:  #111-D: statement is unreachable
USER\GPIO.c(217): warning:  #111-D: statement is unreachable
USER\GPIO.c(220): warning:  #111-D: statement is unreachable
USER\GPIO.c(223): warning:  #111-D: statement is unreachable
USER\GPIO.c(226): warning:  #111-D: statement is unreachable
USER\GPIO.c(229): warning:  #111-D: statement is unreachable
USER\GPIO.c(232): warning:  #111-D: statement is unreachable
USER\GPIO.c(235): warning:  #111-D: statement is unreachable
USER\GPIO.c(238): warning:  #111-D: statement is unreachable
USER\GPIO.c(241): warning:  #111-D: statement is unreachable
USER\GPIO.c(243): warning:  #1-D: last line of file ends without a newline
compiling usart.c...
USER\usart.c(143): warning:  #177-D: variable "USART_ClockInitStruct" was declared but never referenced
USER\usart.c(202): warning:  #177-D: variable "USART_ClockInitStruct" was declared but never referenced
compiling time.c...
USER\time.h(4): warning:  #1295-D: Deprecated declaration InitSysTick1us - give arg types
USER\time.c(10): warning:  #1-D: last line of file ends without a newline
compiling EXIT.c...
USER\EXIT.c(87): warning:  #186-D: pointless comparison of unsigned integer with zero
USER\EXIT.c(91): warning:  #186-D: pointless comparison of unsigned integer with zero
USER\EXIT.c(95): warning:  #186-D: pointless comparison of unsigned integer with zero
compiling misc.c...
compiling stm32f10x_adc.c...
compiling stm32f10x_bkp.c...
compiling stm32f10x_can.c...
compiling stm32f10x_cec.c...
compiling stm32f10x_crc.c...
compiling stm32f10x_dac.c...
compiling stm32f10x_dbgmcu.c...
compiling stm32f10x_dma.c...
compiling stm32f10x_exti.c...
compiling stm32f10x_flash.c...
compiling stm32f10x_fsmc.c...
compiling stm32f10x_gpio.c...
compiling stm32f10x_i2c.c...
compiling stm32f10x_iwdg.c...
compiling stm32f10x_pwr.c...
compiling stm32f10x_rcc.c...
compiling stm32f10x_rtc.c...
compiling stm32f10x_sdio.c...
compiling stm32f10x_spi.c...
compiling stm32f10x_tim.c...
compiling stm32f10x_usart.c...
compiling stm32f10x_wwdg.c...
compiling core_cm3.c...
compiling system_stm32f10x.c...
assembling startup_stm32f10x_hd.s...
linking...
Program Size: Code=16756 RO-data=336 RW-data=112 ZI-data=7360  
FromELF: creating hex file...
".\USER\Output\Project.axf" - 0 Error(s), 54 Warning(s).
