HI-TECH Software C Compiler 

Linker command line:

--edf=C:\Program Files\HI-TECH Software\PICC\9.80\dat\en_msgs.txt -cs \
  -h+battery.sym -z -Q16F1934 -ol.obj -Mbattery.map -E1 -ACONST=00h-0FFhx16 \
  -ACODE=00h-07FFhx2 -ASTRCODE=00h-0FFFh -AENTRY=00h-0FFhx16 \
  -ASTRING=00h-0FFhx16 -ABANK0=020h-06Fh -ABANK1=0A0h-0EFh \
  -ABANK2=0120h-016Fh -ABIGRAM=02000h-020EFh \
  -ARAM=020h-06Fh,0A0h-0EFh,0120h-016Fh \
  -AABS1=020h-07Fh,0A0h-0EFh,0120h-016Fh -ACOMMON=070h-07Fh -ASFR0=00h-01Fh \
  -ASFR1=080h-09Fh -ASFR2=0100h-011Fh -ASFR3=0180h-01EFh -ASFR4=0200h-026Fh \
  -ASFR5=0280h-02EFh -ASFR6=0300h-036Fh -ASFR7=0380h-03EFh \
  -ASFR8=0400h-046Fh -ASFR9=0480h-04EFh -ASFR10=0500h-056Fh \
  -ASFR11=0580h-05EFh -ASFR12=0600h-066Fh -ASFR13=0680h-06EFh \
  -ASFR14=0700h-076Fh -ASFR15=0780h-07EFh -ASFR16=0800h-086Fh \
  -ASFR17=0880h-08EFh -ASFR18=0900h-096Fh -ASFR19=0980h-09EFh \
  -ASFR20=0A00h-0A6Fh -ASFR21=0A80h-0AEFh -ASFR22=0B00h-0B6Fh \
  -ASFR23=0B80h-0BEFh -ASFR24=0C00h-0C6Fh -ASFR25=0C80h-0CEFh \
  -ASFR26=0D00h-0D6Fh -ASFR27=0D80h-0DEFh -ASFR28=0E00h-0E6Fh \
  -ASFR29=0E80h-0EEFh -ASFR30=0F00h-0F6Fh -ASFR31=0F80h-0FEFh \
  -preset_vec=00h,intentry=04h,init,end_init -ppowerup=CODE -pfunctab=CODE \
  -ACONFIG=08007h-08008h -pconfig=CONFIG -DCONFIG=2 -AIDLOC=08000h-08003h \
  -pidloc=IDLOC -DIDLOC=2 -AEEDATA=00h-0FFh/0F000h -peeprom_data=EEDATA \
  -DEEDATA=2 -DCODE=2 -DSTRCODE=2 -DSTRING=2 -DCONST=2 -DENTRY=2 -k \
  C:\DOCUME~1\ADMINI~1\LOCALS~1\Temp\s5g.obj battery.obj 

Object code version is 3.10

Machine type is 16F1934



                Name                               Link     Load   Length Selector   Space Scale
C:\DOCUME~1\ADMINI~1\LOCALS~1\Temp\s5g.obj
                end_init                             5B       5B        3        8       0
                reset_vec                             0        0        2        0       0
battery.obj     intentry                              4        4       57        8       0
                config                             8007     8007        2    1000E       0
                text1133                             9B       9B       1D       DE       0
                text1130                             B8       B8       19       DE       0
                cstackBANK0                          20       20       2E       20       1
                cstackCOMMON                         72       72        6       70       1
                cstackBANK1                          E8       E8        5       A0       1
                inittext                             D7       D7        6       DE       0
                clrtext                              D1       D1        6       DE       0
                dataBANK1                            A0       A0       2C       A0       1
                bssBANK1                             CC       CC       1C       A0       1
                dataBANK0                            6E       6E        2       20       1
                bssBANK0                             4E       4E       20       20       1
                bssCOMMON                            79       79        1       70       1
                bitbssCOMMON                        380       70        F       70       1     8
                cinit                               83D      83D      7C3     107A       0
                strings                              5E       5E       11       BC       0
                bitnvCOMMON                         3C0       78        2       70       1     8
                idataBANK1                           6F       6F       2C       DE       0

TOTAL           Name                               Link     Load   Length     Space
        CLASS   CONST          

        CLASS   CODE           
                end_init                             5B       5B        3         0
                intentry                              4        4       57         0
                reset_vec                             0        0        2         0
                text1133                             9B       9B       1D         0
                text1130                             B8       B8       19         0
                inittext                             D7       D7        6         0
                clrtext                              D1       D1        6         0
                cinit                               83D      83D      7C3         0
                idataBANK1                           6F       6F       2C         0

        CLASS   STRCODE        

        CLASS   ENTRY          

        CLASS   STRING         
                strings                              5E       5E       11         0

        CLASS   BANK0          
                cstackBANK0                          20       20       2E         1
                dataBANK0                            6E       6E        2         1
                bssBANK0                             4E       4E       20         1

        CLASS   BANK1          
                cstackBANK1                          E8       E8        5         1
                dataBANK1                            A0       A0       2C         1
                bssBANK1                             CC       CC       1C         1

        CLASS   BANK2          

        CLASS   BIGRAM         

        CLASS   RAM            

        CLASS   ABS1           
                abs_s1                               7E       7E        2         1

        CLASS   COMMON         
                cstackCOMMON                         72       72        6         1
                bssCOMMON                            79       79        1         1
                bitbssCOMMON                        380       70        F         1
                bitnvCOMMON                         3C0       78        2         1

        CLASS   SFR0           

        CLASS   SFR1           

        CLASS   SFR2           

        CLASS   SFR3           

        CLASS   SFR4           

        CLASS   SFR5           

        CLASS   SFR6           

        CLASS   SFR7           

        CLASS   SFR8           

        CLASS   SFR9           

        CLASS   SFR10          

        CLASS   SFR11          

        CLASS   SFR12          

        CLASS   SFR13          

        CLASS   SFR14          

        CLASS   SFR15          

        CLASS   SFR16          

        CLASS   SFR17          

        CLASS   SFR18          

        CLASS   SFR19          

        CLASS   SFR20          

        CLASS   SFR21          

        CLASS   SFR22          

        CLASS   SFR23          

        CLASS   SFR24          

        CLASS   SFR25          

        CLASS   SFR26          

        CLASS   SFR27          

        CLASS   SFR28          

        CLASS   SFR29          

        CLASS   SFR30          

        CLASS   SFR31          

        CLASS   CONFIG         
                config                             8007     8007        2         0

        CLASS   IDLOC          

        CLASS   EEDATA         

        CLASS   BANK31         

        CLASS   BANK30         

        CLASS   BANK29         

        CLASS   BANK28         

        CLASS   BANK27         

        CLASS   BANK26         

        CLASS   BANK25         

        CLASS   BANK24         

        CLASS   BANK23         

        CLASS   BANK22         

        CLASS   BANK21         

        CLASS   BANK20         

        CLASS   BANK19         

        CLASS   BANK18         

        CLASS   BANK17         

        CLASS   BANK16         

        CLASS   BANK15         

        CLASS   BANK14         

        CLASS   BANK13         

        CLASS   BANK12         

        CLASS   BANK11         

        CLASS   BANK10         

        CLASS   BANK9          

        CLASS   BANK8          

        CLASS   BANK7          

        CLASS   BANK6          

        CLASS   BANK5          

        CLASS   BANK4          

        CLASS   BANK3          



SEGMENTS        Name                           Load    Length   Top    Selector   Space  Class     Delta

                reset_vec                      000000  000002  000002         0       0  CODE        2
                intentry                       000004  00005A  00005E         8       0  CODE        2
                cstackBANK0                    000020  000050  000070        20       1  BANK0       1
                bitbssCOMMON                   000070  00000A  00007A        70       1  COMMON      1
                dataBANK1                      0000A0  00004D  0000ED        A0       1  BANK1       1
                strings                        00005E  000011  00006F        BC       0  STRING      2
                idataBANK1                     00006F  00006E  0000DD        DE       0  CODE        2
                cinit                          00083D  0007C3  001000      107A       0  CODE        2
                config                         008007  000002  008009     1000E       0  CONFIG      2


UNUSED ADDRESS RANGES

        Name                Unused          Largest block    Delta
        BANK1            000ED-000EF               3           1
        BANK2            00120-0016F              50           1
        BIGRAM           02000-020EF              F0           1
        CODE             00002-00003               2           2
                         000DD-0083C             723
        COMMON           0007A-0007D               4           1
        CONST            00002-00003               2           2
                         000DD-0083C             100
        EEDATA           0F000-0F0FF             100           2
        ENTRY            00002-00003               2           2
                         000DD-0083C             100
        IDLOC            08000-08003               4           2
        RAM              000ED-000EF               3           1
                         00120-0016F              50
        SFR0             00000-0001F              20           1
        SFR1             00080-0009F              20           1
        SFR10            00500-0056F              70           1
        SFR11            00580-005EF              70           1
        SFR12            00600-0066F              70           1
        SFR13            00680-006EF              70           1
        SFR14            00700-0076F              70           1
        SFR15            00780-007EF              70           1
        SFR16            00800-0086F              70           1
        SFR17            00880-008EF              70           1
        SFR18            00900-0096F              70           1
        SFR19            00980-009EF              70           1
        SFR2             00100-0011F              20           1
        SFR20            00A00-00A6F              70           1
        SFR21            00A80-00AEF              70           1
        SFR22            00B00-00B6F              70           1
        SFR23            00B80-00BEF              70           1
        SFR24            00C00-00C6F              70           1
        SFR25            00C80-00CEF              70           1
        SFR26            00D00-00D6F              70           1
        SFR27            00D80-00DEF              70           1
        SFR28            00E00-00E6F              70           1
        SFR29            00E80-00EEF              70           1
        SFR3             00180-001EF              70           1
        SFR30            00F00-00F6F              70           1
        SFR31            00F80-00FEF              70           1
        SFR4             00200-0026F              70           1
        SFR5             00280-002EF              70           1
        SFR6             00300-0036F              70           1
        SFR7             00380-003EF              70           1
        SFR8             00400-0046F              70           1
        SFR9             00480-004EF              70           1
        STRCODE          00002-00003               2           2
                         000DD-0083C             760
        STRING           00002-00003               2           2
                         000DD-0083C             100

                                  Symbol Table

??_API_LCD_CLEAR                     cstackCOMMON 00078
??_API_LCD_INIT                      cstackCOMMON 00078
??_API_LCD_MOVE_POINT                cstackBANK0  00025
??_BatteryStateSwitch                cstackBANK0  00020
??_CTKSoftDelay                      cstackCOMMON 00078
??_GetBatteryVoltage                 cstackCOMMON 00078
??_GetLoadCurrentVoltage             cstackCOMMON 00078
??_GetSolarPanelVoltage              cstackCOMMON 00078
??_ISR_Timer                         cstackCOMMON 00076
??_KaiJi                             cstackBANK0  0003D
??_LedDisplay                        cstackCOMMON 00076
??_LoadCurrentDealWith               cstackCOMMON 00078
??_LoadParamFromEPPROM               cstackCOMMON 00078
??_PWMCharge                         cstackCOMMON 00078
??_ReadEE                            cstackCOMMON 00076
??_ReadOrWriteEE                     cstackCOMMON 00078
??_SelectMode                        cstackCOMMON 00076
??_SolarPanelDealWith                cstackBANK0  0003D
??_SwitchBatteryState                cstackBANK0  0003D
??_WriteEE                           cstackCOMMON 00077
??___ftdiv                           cstackBANK0  0003E
??___ftmul                           cstackBANK0  0003E
??___ftpack                          cstackBANK0  00025
??___fttol                           cstackBANK0  0002C
??___lwtoft                          cstackCOMMON 00076
??___wmul                            cstackCOMMON 00076
??_getADValue                        cstackBANK0  0002D
??_getADValueOneTime                 cstackBANK0  00026
??_handlerKeyEventInput              cstackCOMMON 00074
??_handlerPWMInterrupt               cstackCOMMON 00074
??_lcd_move_char                     cstackCOMMON 00078
??_lcd_write_command                 cstackCOMMON 00078
??_lcd_write_data                    cstackCOMMON 00078
??_main                              cstackCOMMON 00078
??_openOrClosePWM                    cstackCOMMON 00073
??_readIntParam                      cstackBANK0  00049
??_setPWM                            cstackCOMMON 00072
??_system_state_init                 cstackCOMMON 00078
??_writeIntParam                     cstackCOMMON 00078
?_API_LCD_CLEAR                      cstackCOMMON 00072
?_API_LCD_INIT                       cstackCOMMON 00072
?_API_LCD_MOVE_POINT                 cstackCOMMON 00072
?_BatteryStateSwitch                 cstackCOMMON 00076
?_CTKSoftDelay                       cstackCOMMON 00076
?_GetBatteryVoltage                  cstackBANK0  0003A
?_GetLoadCurrentVoltage              cstackBANK0  0003A
?_GetSolarPanelVoltage               cstackBANK0  0003A
?_ISR_Timer                          cstackCOMMON 00072
?_KaiJi                              cstackCOMMON 00072
?_LedDisplay                         cstackCOMMON 00072
?_LoadCurrentDealWith                cstackCOMMON 00072
?_LoadParamFromEPPROM                cstackCOMMON 00072
?_PWMCharge                          cstackCOMMON 00072
?_ReadEE                             cstackCOMMON 00072
?_ReadOrWriteEE                      cstackBANK1  000E8
?_SelectMode                         cstackCOMMON 00072
?_SolarPanelDealWith                 cstackCOMMON 00072
?_SwitchBatteryState                 cstackCOMMON 00072
?_WriteEE                            cstackCOMMON 00076
?___ftdiv                            cstackBANK0  00038
?___ftmul                            cstackBANK0  00038
?___ftpack                           cstackBANK0  00020
?___fttol                            cstackBANK0  00028
?___lwtoft                           cstackBANK0  00035
?___wmul                             cstackBANK0  00020
?_getADValue                         cstackBANK0  0002B
?_getADValueOneTime                  cstackBANK0  00024
?_handlerKeyEventInput               cstackCOMMON 00072
?_handlerPWMInterrupt                cstackCOMMON 00072
?_lcd_move_char                      cstackCOMMON 00072
?_lcd_write_command                  cstackCOMMON 00072
?_lcd_write_data                     cstackCOMMON 00072
?_main                               cstackCOMMON 00072
?_openOrClosePWM                     cstackCOMMON 00072
?_readIntParam                       cstackBANK0  00047
?_setPWM                             cstackCOMMON 00072
?_system_state_init                  cstackCOMMON 00072
?_writeIntParam                      cstackBANK0  00047
API_LCD_MOVE_POINT@i                 cstackBANK0  00027
API_LCD_MOVE_POINT@position          cstackBANK0  00026
BatteryStateSwitch@BatteryVoltage    cstackCOMMON 00076
BatteryStateSwitch@adjust            cstackBANK0  00024
CTKSoftDelay@a                       cstackBANK0  00020
CTKSoftDelay@b                       cstackBANK0  00022
CTKSoftDelay@x                       cstackCOMMON 00076
PWMCharge@ChangeBatteryVoltag        cstackBANK0  0003D
ReadEE@addr                          cstackCOMMON 00076
ReadOrWriteEE@i                      cstackBANK1  000EB
ReadOrWriteEE@read                   cstackBANK1  000E8
ReadOrWriteEE@startAddr              cstackBANK1  000EA
SolarPanelDealWith@SolarPanelVoltage cstackBANK0  00043
WriteEE@addr                         cstackCOMMON 00076
WriteEE@data                         cstackCOMMON 00077
_ADBase                              bssBANK0     0004E
_ADCON0                              (abs)        0009D
_ADCON1                              (abs)        0009E
_ADGO                                (abs)        004E9
_ADRESH                              (abs)        0009C
_ADRESL                              (abs)        0009B
_ADVoltage                           bssBANK0     00050
_ANSELA                              (abs)        0018C
_ANSELB                              (abs)        0018D
_ANSELE                              (abs)        00190
_API_LCD_CLEAR                       cinit        00CEB
_API_LCD_INIT                        cinit        00A3F
_API_LCD_MOVE_POINT                  cinit        00A2E
_BatteryLastState                    bssBANK0     00064
_BatteryStandard                     bssBANK0     00065
_BatteryState                        bssBANK0     00066
_BatteryStateSwitch                  cinit        009DD
_Battery_12V                         dataBANK1    000A0
_Battery_24V                         dataBANK1    000B6
_CFGS                                (abs)        00CAE
_CTKSoftDelay                        cinit        00CBA
_ClampVoltage                        bssBANK0     00052
_DAYTIME                             bitbssCOMMON 00380
_DutyRatio                           bssCOMMON    00079
_EEADRL                              (abs)        00191
_EECON2                              (abs)        00196
_EEDATL                              (abs)        00193
_EEPGD                               (abs)        00CAF
_EnhanceChargeFlag                   bitbssCOMMON 00381
_EnhanceCharge_Time                  bssBANK0     00054
_EqualizingChargeFlag                bitbssCOMMON 00382
_EqualizingCharge_Time               bssBANK0     00056
_FVRCON                              (abs)        00117
_FloatingChargeFlag                  bitbssCOMMON 00383
_GIE                                 (abs)        0005F
_GetBatteryVoltage                   cinit        009D6
_GetLoadCurrentVoltage               cinit        00CD3
_GetSolarPanelVoltage                cinit        00CB3
_IOCBF3                              (abs)        01CB3
_IOCBF4                              (abs)        01CB4
_IOCBF5                              (abs)        01CB5
_IOCBN                               (abs)        00395
_IOCBP                               (abs)        00394
_ISR_Timer                           intentry     00004
_KaiJi                               cinit        00B94
_KeyEvent_PendKeyCode                dataBANK0    0006E
_LATB                                (abs)        0010D
_LATC                                (abs)        0010E
_LPVCount                            bssBANK0     00067
_LPVFlag                             bitbssCOMMON 00384
_LedDisplay                          cinit        00CDA
_LightTime                           bssBANK0     00068
_LoadCurrentDealWith                 cinit        00B0B
_LoadFlag                            bitnvCOMMON  003C0
_LoadOpen                            bitbssCOMMON 00385
_LoadParamFromEPPROM                 cinit        00B07
_LoadShort                           bitbssCOMMON 00386
_LoadState                           bitnvCOMMON  003C1
_OSCCON                              (abs)        00099
_OverLoadTime                        bssBANK0     00058
_PEIE                                (abs)        0005E
_PORTA                               (abs)        0000C
_PORTB                               (abs)        0000D
_PORTD                               (abs)        0000F
_PORTE                               (abs)        00010
_PR2                                 (abs)        0001B
_PR4                                 (abs)        00416
_PVChargeFlag                        bitbssCOMMON 00387
_PVCount                             bssBANK0     00069
_PVState                             bitbssCOMMON 00388
_PWMCharge                           cinit        00CF1
_PWMChargeFlag                       bitbssCOMMON 00389
_PWMFlag                             bitbssCOMMON 0038A
_PWM_CONTROL_FLAG                    bssBANK0     0006A
_PWM_CONTROL_TIMEOUT                 bssBANK1     000E2
_ParamConfig                         bssBANK1     000CC
_PwmCount                            bssBANK0     0006B
_RB3                                 (abs)        0006B
_RB4                                 (abs)        0006C
_RB5                                 (abs)        0006D
_RB6                                 (abs)        0006E
_RC1                                 (abs)        00071
_RC2                                 (abs)        00072
_RC3                                 (abs)        00073
_RD                                  (abs)        00CA8
_RE2                                 (abs)        00082
_ReadEE                              cinit        00DB6
_ReadOrWriteEE                       cinit        00D44
_SDBatteryVoltage                    bssBANK0     0005A
_SDSolarPanelVoltage                 bssBANK0     0005C
_SelectMode                          cinit        00AD8
_SolarPanelDealWith                  cinit        00BEE
_SwitchBatteryState                  cinit        0089C
_SystemModeType                      dataBANK0    0006F
_T1CON                               (abs)        00018
_T2CON                               (abs)        0001C
_T2Flag                              bitbssCOMMON 0038B
_T4CON                               (abs)        00417
_TMR0IE                              (abs)        0005D
_TMR1H                               (abs)        00017
_TMR1IE                              (abs)        00488
_TMR1IF                              (abs)        00088
_TMR1L                               (abs)        00016
_TMR2IE                              (abs)        00489
_TMR2IF                              (abs)        00089
_TMR4IE                              (abs)        00499
_TMR4IF                              (abs)        00099
_TMR6IF                              (abs)        0009B
_TRISA                               (abs)        0008C
_TRISB                               (abs)        0008D
_TRISC                               (abs)        0008E
_TRISD                               (abs)        0008F
_TRISE                               (abs)        00090
_TimeModeHour                        bssBANK0     0005E
_WDTCON                              (abs)        00097
_WR                                  (abs)        00CA9
_WREN                                (abs)        00CAA
_WriteEE                             cinit        00F24
__Habs1                              abs1         00000
__Hbank0                             bank0        00000
__Hbank1                             bank1        00000
__Hbank10                            bank10       00000
__Hbank11                            bank11       00000
__Hbank12                            bank12       00000
__Hbank13                            bank13       00000
__Hbank14                            bank14       00000
__Hbank15                            bank15       00000
__Hbank16                            bank16       00000
__Hbank17                            bank17       00000
__Hbank18                            bank18       00000
__Hbank19                            bank19       00000
__Hbank2                             bank2        00000
__Hbank20                            bank20       00000
__Hbank21                            bank21       00000
__Hbank22                            bank22       00000
__Hbank23                            bank23       00000
__Hbank24                            bank24       00000
__Hbank25                            bank25       00000
__Hbank26                            bank26       00000
__Hbank27                            bank27       00000
__Hbank28                            bank28       00000
__Hbank29                            bank29       00000
__Hbank3                             bank3        00000
__Hbank30                            bank30       00000
__Hbank31                            bank31       00000
__Hbank4                             bank4        00000
__Hbank5                             bank5        00000
__Hbank6                             bank6        00000
__Hbank7                             bank7        00000
__Hbank8                             bank8        00000
__Hbank9                             bank9        00000
__Hbigram                            bigram       00000
__HbitbssCOMMON                      bitbssCOMMON 00000
__HbitnvCOMMON                       bitnvCOMMON  00000
__HbssBANK0                          bssBANK0     00000
__HbssBANK1                          bssBANK1     00000
__HbssCOMMON                         bssCOMMON    00000
__Hcinit                             cinit        00000
__Hclrtext                           clrtext      00000
__Hcode                              code         00000
__Hcommon                            common       00000
__Hconfig                            config       08009
__HcstackBANK0                       cstackBANK0  00000
__HcstackBANK1                       cstackBANK1  00000
__HcstackCOMMON                      cstackCOMMON 00000
__HdataBANK0                         dataBANK0    00000
__HdataBANK1                         dataBANK1    00000
__Heeprom_data                       eeprom_data  00000
__Hend_init                          end_init     0005E
__Hfunctab                           functab      00000
__HidataBANK0                        idataBANK0   00000
__HidataBANK1                        idataBANK1   00000
__Hidloc                             idloc        00000
__Hinit                              init         0005B
__Hinittext                          inittext     00000
__Hintentry                          intentry     0005B
__Hmaintext                          maintext     00000
__Hpa_nodes                          pa_nodes     00000
__Hpowerup                           powerup      00000
__Hram                               ram          00000
__Hreset_vec                         reset_vec    00002
__Hsfr0                              sfr0         00000
__Hsfr1                              sfr1         00000
__Hsfr10                             sfr10        00000
__Hsfr11                             sfr11        00000
__Hsfr12                             sfr12        00000
__Hsfr13                             sfr13        00000
__Hsfr14                             sfr14        00000
__Hsfr15                             sfr15        00000
__Hsfr16                             sfr16        00000
__Hsfr17                             sfr17        00000
__Hsfr18                             sfr18        00000
__Hsfr19                             sfr19        00000
__Hsfr2                              sfr2         00000
__Hsfr20                             sfr20        00000
__Hsfr21                             sfr21        00000
__Hsfr22                             sfr22        00000
__Hsfr23                             sfr23        00000
__Hsfr24                             sfr24        00000
__Hsfr25                             sfr25        00000
__Hsfr26                             sfr26        00000
__Hsfr27                             sfr27        00000
__Hsfr28                             sfr28        00000
__Hsfr29                             sfr29        00000
__Hsfr3                              sfr3         00000
__Hsfr30                             sfr30        00000
__Hsfr31                             sfr31        00000
__Hsfr4                              sfr4         00000
__Hsfr5                              sfr5         00000
__Hsfr6                              sfr6         00000
__Hsfr7                              sfr7         00000
__Hsfr8                              sfr8         00000
__Hsfr9                              sfr9         00000
__Hstrings                           strings      00000
__Htext                              text         00000
__Labs1                              abs1         00000
__Lbank0                             bank0        00000
__Lbank1                             bank1        00000
__Lbank10                            bank10       00000
__Lbank11                            bank11       00000
__Lbank12                            bank12       00000
__Lbank13                            bank13       00000
__Lbank14                            bank14       00000
__Lbank15                            bank15       00000
__Lbank16                            bank16       00000
__Lbank17                            bank17       00000
__Lbank18                            bank18       00000
__Lbank19                            bank19       00000
__Lbank2                             bank2        00000
__Lbank20                            bank20       00000
__Lbank21                            bank21       00000
__Lbank22                            bank22       00000
__Lbank23                            bank23       00000
__Lbank24                            bank24       00000
__Lbank25                            bank25       00000
__Lbank26                            bank26       00000
__Lbank27                            bank27       00000
__Lbank28                            bank28       00000
__Lbank29                            bank29       00000
__Lbank3                             bank3        00000
__Lbank30                            bank30       00000
__Lbank31                            bank31       00000
__Lbank4                             bank4        00000
__Lbank5                             bank5        00000
__Lbank6                             bank6        00000
__Lbank7                             bank7        00000
__Lbank8                             bank8        00000
__Lbank9                             bank9        00000
__Lbigram                            bigram       00000
__LbitbssCOMMON                      bitbssCOMMON 00000
__LbitnvCOMMON                       bitnvCOMMON  00000
__LbssBANK0                          bssBANK0     00000
__LbssBANK1                          bssBANK1     00000
__LbssCOMMON                         bssCOMMON    00000
__Lcinit                             cinit        00000
__Lclrtext                           clrtext      00000
__Lcode                              code         00000
__Lcommon                            common       00000
__Lconfig                            config       08007
__LcstackBANK0                       cstackBANK0  00000
__LcstackBANK1                       cstackBANK1  00000
__LcstackCOMMON                      cstackCOMMON 00000
__LdataBANK0                         dataBANK0    00000
__LdataBANK1                         dataBANK1    00000
__Leeprom_data                       eeprom_data  00000
__Lend_init                          end_init     0005B
__Lfunctab                           functab      00000
__LidataBANK0                        idataBANK0   00000
__LidataBANK1                        idataBANK1   00000
__Lidloc                             idloc        00000
__Linit                              init         0005B
__Linittext                          inittext     00000
__Lintentry                          intentry     00004
__Lmaintext                          maintext     00000
__Lpa_nodes                          pa_nodes     00000
__Lpowerup                           powerup      00000
__Lram                               ram          00000
__Lreset_vec                         reset_vec    00000
__Lsfr0                              sfr0         00000
__Lsfr1                              sfr1         00000
__Lsfr10                             sfr10        00000
__Lsfr11                             sfr11        00000
__Lsfr12                             sfr12        00000
__Lsfr13                             sfr13        00000
__Lsfr14                             sfr14        00000
__Lsfr15                             sfr15        00000
__Lsfr16                             sfr16        00000
__Lsfr17                             sfr17        00000
__Lsfr18                             sfr18        00000
__Lsfr19                             sfr19        00000
__Lsfr2                              sfr2         00000
__Lsfr20                             sfr20        00000
__Lsfr21                             sfr21        00000
__Lsfr22                             sfr22        00000
__Lsfr23                             sfr23        00000
__Lsfr24                             sfr24        00000
__Lsfr25                             sfr25        00000
__Lsfr26                             sfr26        00000
__Lsfr27                             sfr27        00000
__Lsfr28                             sfr28        00000
__Lsfr29                             sfr29        00000
__Lsfr3                              sfr3         00000
__Lsfr30                             sfr30        00000
__Lsfr31                             sfr31        00000
__Lsfr4                              sfr4         00000
__Lsfr5                              sfr5         00000
__Lsfr6                              sfr6         00000
__Lsfr7                              sfr7         00000
__Lsfr8                              sfr8         00000
__Lsfr9                              sfr9         00000
__Lstrings                           strings      00000
__Ltext                              text         00000
__S0                                 (abs)        08009
__S1                                 (abs)        000ED
__S2                                 (abs)        00000
___ftdiv                             cinit        00DC3
___ftdiv@cntr                        cstackBANK0  00041
___ftdiv@exp                         cstackBANK0  00045
___ftdiv@f1                          cstackBANK0  0003B
___ftdiv@f2                          cstackBANK0  00038
___ftdiv@f3                          cstackBANK0  00042
___ftdiv@sign                        cstackBANK0  00046
___ftmul                             cinit        00F8F
___ftmul@cntr                        cstackBANK0  00045
___ftmul@exp                         cstackBANK0  00041
___ftmul@f1                          cstackBANK0  00038
___ftmul@f2                          cstackBANK0  0003B
___ftmul@f3_as_product               cstackBANK0  00042
___ftmul@sign                        cstackBANK0  00046
___ftpack                            cinit        00E35
___ftpack@arg                        cstackBANK0  00020
___ftpack@exp                        cstackBANK0  00023
___ftpack@sign                       cstackBANK0  00024
___fttol                             cinit        00F3A
___fttol@exp1                        cstackBANK0  00034
___fttol@f1                          cstackBANK0  00028
___fttol@lval                        cstackBANK0  00030
___fttol@sign1                       cstackBANK0  0002F
___lwtoft                            cinit        00E25
___lwtoft@c                          cstackBANK0  00035
___wmul                              cinit        00C9E
___wmul@multiplicand                 cstackBANK0  00022
___wmul@multiplier                   cstackBANK0  00020
___wmul@product                      cstackCOMMON 00076
__end_of_API_LCD_CLEAR               cinit        00CF1
__end_of_API_LCD_INIT                cinit        00A4E
__end_of_API_LCD_MOVE_POINT          cinit        00A3F
__end_of_BatteryStateSwitch          cinit        00A21
__end_of_CTKSoftDelay                cinit        00CD3
__end_of_GetBatteryVoltage           cinit        009DD
__end_of_GetLoadCurrentVoltage       cinit        00CDA
__end_of_GetSolarPanelVoltage        cinit        00CBA
__end_of_ISR_Timer                   intentry     0005B
__end_of_KaiJi                       cinit        00BEE
__end_of_LedDisplay                  cinit        00CEB
__end_of_LoadCurrentDealWith         cinit        00B4C
__end_of_LoadParamFromEPPROM         cinit        00B0B
__end_of_PWMCharge                   cinit        00D44
__end_of_ReadEE                      cinit        00DC3
__end_of_ReadOrWriteEE               cinit        00D7C
__end_of_SelectMode                  cinit        00B07
__end_of_SolarPanelDealWith          cinit        00C9E
__end_of_SwitchBatteryState          cinit        009D6
__end_of_WriteEE                     cinit        00F3A
__end_of___ftdiv                     cinit        00E25
__end_of___ftmul                     cinit        00FF3
__end_of___ftpack                    cinit        00E6F
__end_of___fttol                     cinit        00F8F
__end_of___lwtoft                    cinit        00E35
__end_of___wmul                      cinit        00CB3
__end_of_getADValue                  cinit        00AA8
__end_of_getADValueOneTime           cinit        00AD8
__end_of_handlerKeyEventInput        text1133     000B8
__end_of_handlerPWMInterrupt         text1130     000BD
__end_of_lcd_move_char               cinit        00A2E
__end_of_lcd_write_command           cinit        00A5A
__end_of_lcd_write_data              cinit        00A2C
__end_of_main                        cinit        0089C
__end_of_openOrClosePWM              text1130     000C8
__end_of_readIntParam                cinit        00DB6
__end_of_setPWM                      text1130     000D1
__end_of_system_state_init           cinit        00B94
__end_of_writeIntParam               cinit        00F24
__pbitbssCOMMON                      bitbssCOMMON 00380
__pbitnvCOMMON                       bitnvCOMMON  003C0
__pbssBANK0                          bssBANK0     0004E
__pbssBANK1                          bssBANK1     000CC
__pbssCOMMON                         bssCOMMON    00079
__pcstackBANK0                       cstackBANK0  00020
__pcstackBANK1                       cstackBANK1  000E8
__pcstackCOMMON                      cstackCOMMON 00072
__pdataBANK0                         dataBANK0    0006E
__pdataBANK1                         dataBANK1    000A0
__pidataBANK0                        idataBANK0   00000
__pidataBANK1                        idataBANK1   0006F
__pintentry                          intentry     00004
__pmaintext                          cinit        00862
__pstrings                           strings      0005E
__ptext1096                          cinit        00CF1
__ptext1097                          cinit        00BEE
__ptext1098                          cinit        0089C
__ptext1099                          cinit        00B0B
__ptext1100                          cinit        00B94
__ptext1101                          cinit        00B07
__ptext1102                          cinit        00CD3
__ptext1103                          cinit        00CB3
__ptext1104                          cinit        009D6
__ptext1105                          cinit        00D44
__ptext1106                          cinit        00A2C
__ptext1107                          cinit        00A5A
__ptext1108                          cinit        00EFA
__ptext1109                          cinit        00D7C
__ptext1110                          cinit        00A2E
__ptext1111                          cinit        00CEB
__ptext1112                          cinit        00A3F
__ptext1113                          cinit        00E25
__ptext1114                          cinit        00F8F
__ptext1115                          cinit        00DC3
__ptext1116                          cinit        00AA8
__ptext1117                          cinit        00A21
__ptext1118                          cinit        00A4E
__ptext1119                          cinit        00B4C
__ptext1120                          cinit        00F3A
__ptext1121                          cinit        00E35
__ptext1122                          cinit        00C9E
__ptext1123                          cinit        009DD
__ptext1124                          cinit        00F24
__ptext1125                          cinit        00DB6
__ptext1126                          cinit        00CBA
__ptext1127                          cinit        00CDA
__ptext1128                          cinit        00AD8
__ptext1130                          text1130     000B8
__ptext1131                          text1130     000BD
__ptext1132                          text1130     000C8
__ptext1133                          text1133     0009B
__ptext1134                          text1134     00000
__size_of_API_LCD_CLEAR              (abs)        00000
__size_of_API_LCD_INIT               (abs)        00000
__size_of_API_LCD_MOVE_POINT         (abs)        00000
__size_of_BatteryStateSwitch         (abs)        00000
__size_of_CTKSoftDelay               (abs)        00000
__size_of_GetBatteryVoltage          (abs)        00000
__size_of_GetLoadCurrentVoltage      (abs)        00000
__size_of_GetSolarPanelVoltage       (abs)        00000
__size_of_ISR_Timer                  (abs)        00000
__size_of_KaiJi                      (abs)        00000
__size_of_LedDisplay                 (abs)        00000
__size_of_LoadCurrentDealWith        (abs)        00000
__size_of_LoadParamFromEPPROM        (abs)        00000
__size_of_PWMCharge                  (abs)        00000
__size_of_ReadEE                     (abs)        00000
__size_of_ReadOrWriteEE              (abs)        00000
__size_of_SelectMode                 (abs)        00000
__size_of_SolarPanelDealWith         (abs)        00000
__size_of_SwitchBatteryState         (abs)        00000
__size_of_WriteEE                    (abs)        00000
__size_of___ftdiv                    (abs)        00000
__size_of___ftmul                    (abs)        00000
__size_of___ftpack                   (abs)        00000
__size_of___fttol                    (abs)        00000
__size_of___lwtoft                   (abs)        00000
__size_of___wmul                     (abs)        00000
__size_of_getADValue                 (abs)        00000
__size_of_getADValueOneTime          (abs)        00000
__size_of_handlerKeyEventInput       (abs)        00000
__size_of_handlerPWMInterrupt        (abs)        00000
__size_of_lcd_move_char              (abs)        00000
__size_of_lcd_write_command          (abs)        00000
__size_of_lcd_write_data             (abs)        00000
__size_of_main                       (abs)        00000
__size_of_openOrClosePWM             (abs)        00000
__size_of_readIntParam               (abs)        00000
__size_of_setPWM                     (abs)        00000
__size_of_system_state_init          (abs)        00000
__size_of_writeIntParam              (abs)        00000
__stringtab                          strings      0005E
_exit                                init         0005B
_gBatteryVoltage                     bssBANK0     00060
_gFbVoltage                          bssBANK1     000E6
_gSolarPanelVoltage                  bssBANK0     00062
_getADValue                          cinit        00A5A
_getADValueOneTime                   cinit        00AA8
_handlerKeyEventInput                text1133     0009B
_handlerPWMInterrupt                 text1130     000B8
_isSaveSettings                      bitbssCOMMON 0038C
_isSettingMode                       bitbssCOMMON 0038D
_lcd_extinguwish_timer               bssBANK0     0006C
_lcd_move_char                       cinit        00A2C
_lcd_state                           bssBANK0     0006D
_lcd_write_command                   cinit        00A4E
_lcd_write_data                      cinit        00A21
_main                                cinit        00862
_needInitSetting                     bitbssCOMMON 0038E
_openOrClosePWM                      text1130     000BD
_readIntParam                        cinit        00D7C
_setPWM                              text1130     000C8
_system_state_init                   cinit        00B4C
_writeIntParam                       cinit        00EFA
btemp                                (abs)        0007E
clear_ram                            clrtext      000D1
end_of_initialization                cinit        00860
getADValue@AD_OneResult              cstackBANK0  00038
getADValue@AD_Result                 cstackBANK0  00030
getADValue@channel                   cstackBANK0  0002F
getADValue@i                         cstackBANK0  00036
getADValue@max                       cstackBANK0  00032
getADValue@min                       cstackBANK0  00034
getADValueOneTime@AD_Result          cstackBANK0  00029
getADValueOneTime@channel            cstackBANK0  00028
handlerKeyEventInput@keyCode         cstackCOMMON 00072
i1l10726                                               
i1l10736                                               
i1l10738                                               
i1l10740                                               
i1l10744                                               
i1l10786                                               
i1l10790                                               
i1l10802                                               
i1l10822                                               
i1l10830                                               
i1l10840                                               
i1l2271                                                
init_ram                             inittext     000D7
intlevel0                            functab      00000
intlevel1                            functab      00000
intlevel2                            functab      00000
intlevel3                            functab      00000
intlevel4                            functab      00000
intlevel5                            functab      00000
l10750                                                 
l10754                                                 
l10758                                                 
l10766                                                 
l10776                                                 
l11894                                                 
l11900                                                 
l11904                                                 
l11906                                                 
l11908                                                 
l11914                                                 
l11916                                                 
l11918                                                 
l11920                                                 
l11922                                                 
l11924                                                 
l11926                                                 
l11928                                                 
l11930                                                 
l11932                                                 
l11984                                                 
l11992                                                 
l11994                                                 
l12000                                                 
l12002                                                 
l12022                                                 
l12024                                                 
l12026                                                 
l12028                                                 
l12034                                                 
l12036                                                 
l12038                                                 
l12040                                                 
l12042                                                 
l12050                                                 
l12060                                                 
l12066                                                 
l12068                                                 
l12070                                                 
l12072                                                 
l12074                                                 
l12076                                                 
l12078                                                 
l12080                                                 
l12082                                                 
l12084                                                 
l12086                                                 
l12088                                                 
l12090                                                 
l12092                                                 
l12094                                                 
l12096                                                 
l12098                                                 
l12100                                                 
l12102                                                 
l12104                                                 
l12106                                                 
l12108                                                 
l12110                                                 
l12112                                                 
l12114                                                 
l12116                                                 
l12118                                                 
l12120                                                 
l12122                                                 
l12124                                                 
l12126                                                 
l12128                                                 
l12130                                                 
l12132                                                 
l12134                                                 
l12136                                                 
l12138                                                 
l12142                                                 
l12144                                                 
l12148                                                 
l12160                                                 
l12162                                                 
l12164                                                 
l12166                                                 
l12168                                                 
l12170                                                 
l12172                                                 
l12174                                                 
l12176                                                 
l12182                                                 
l12186                                                 
l12188                                                 
l12192                                                 
l12206                                                 
l12208                                                 
l12210                                                 
l12212                                                 
l12214                                                 
l12216                                                 
l12218                                                 
l12220                                                 
l12228                                                 
l12230                                                 
l12232                                                 
l12240                                                 
l12242                                                 
l12244                                                 
l12248                                                 
l12252                                                 
l12254                                                 
l12256                                                 
l12258                                                 
l12260                                                 
l12266                                                 
l12268                                                 
l12270                                                 
l12272                                                 
l12276                                                 
l12278                                                 
l12286                                                 
l12288                                                 
l12298                                                 
l12302                                                 
l12306                                                 
l12308                                                 
l12312                                                 
l12326                                                 
l12328                                                 
l12330                                                 
l12334                                                 
l12336                                                 
l12340                                                 
l12342                                                 
l12346                                                 
l12348                                                 
l12350                                                 
l12368                                                 
l12370                                                 
l12378                                                 
l12380                                                 
l12382                                                 
l12388                                                 
l12390                                                 
l12392                                                 
l12398                                                 
l12400                                                 
l12402                                                 
l12404                                                 
l12414                                                 
l12420                                                 
l12422                                                 
l12424                                                 
l12426                                                 
l12430                                                 
l12432                                                 
l12434                                                 
l12436                                                 
l12438                                                 
l12440                                                 
l12442                                                 
l12444                                                 
l12454                                                 
l12456                                                 
l12458                                                 
l12460                                                 
l12466                                                 
l12468                                                 
l12470                                                 
l12474                                                 
l12476                                                 
l12478                                                 
l12480                                                 
l12488                                                 
l12490                                                 
l12492                                                 
l12494                                                 
l12502                                                 
l12504                                                 
l12506                                                 
l12508                                                 
l12514                                                 
l12516                                                 
l12518                                                 
l12522                                                 
l12526                                                 
l12530                                                 
l12532                                                 
l12534                                                 
l12540                                                 
l12542                                                 
l12552                                                 
l12554                                                 
l12556                                                 
l12558                                                 
l12564                                                 
l12566                                                 
l12568                                                 
l12572                                                 
l12576                                                 
l12580                                                 
l12582                                                 
l12602                                                 
l12604                                                 
l12606                                                 
l12608                                                 
l12614                                                 
l12616                                                 
l12618                                                 
l12622                                                 
l12626                                                 
l12630                                                 
l12632                                                 
l12652                                                 
l12654                                                 
l12656                                                 
l12658                                                 
l12664                                                 
l12666                                                 
l12668                                                 
l12678                                                 
l12680                                                 
l12682                                                 
l12684                                                 
l12686                                                 
l12688                                                 
l12690                                                 
l12692                                                 
l12694                                                 
l12698                                                 
l12704                                                 
l12710                                                 
l12712                                                 
l12714                                                 
l12720                                                 
l12724                                                 
l12726                                                 
l12728                                                 
l12730                                                 
l12734                                                 
l12736                                                 
l12738                                                 
l12740                                                 
l12746                                                 
l12748                                                 
l12750                                                 
l12752                                                 
l12754                                                 
l12764                                                 
l12766                                                 
l12768                                                 
l12780                                                 
l12782                                                 
l12786                                                 
l12788                                                 
l12794                                                 
l12798                                                 
l12820                                                 
l12822                                                 
l12824                                                 
l12826                                                 
l12828                                                 
l12830                                                 
l12832                                                 
l12834                                                 
l12838                                                 
l12840                                                 
l12842                                                 
l12844                                                 
l12846                                                 
l12848                                                 
l12852                                                 
l12858                                                 
l12864                                                 
l12870                                                 
l12872                                                 
l12880                                                 
l4335                                                  
l4338                                                  
l4346                                                  
l4349                                                  
l4367                                                  
l4377                                                  
l6549                                                  
l6552                                                  
l6559                                                  
l6562                                                  
l8702                                                  
l8711                                                  
l8714                                                  
l8720                                                  
l8733                                                  
l8736                                                  
l8739                                                  
l8745                                                  
l8884                                                  
l8939                                                  
l9159                                                  
lcd_move_char@postion                cstackBANK0  00028
lcd_write_command@command            cstackBANK0  00024
lcd_write_data@data                  cstackBANK0  00024
openOrClosePWM@open                  cstackCOMMON 00073
readIntParam@addr                    cstackBANK0  0004D
readIntParam@value                   cstackBANK0  0004B
reset_vec                            reset_vec    00000
setPWM@open                          cstackCOMMON 00072
start                                init         0005B
start_initialization                 cinit        0083D
u3380                                                  
writeIntParam@addr                   cstackBANK0  00049
writeIntParam@data                   cstackBANK0  0004A
writeIntParam@value                  cstackBANK0  00047
wtemp0                               (abs)        0007E
