HI-TECH Software C Compiler 

Linker command line:

--edf=C:\Program Files\HI-TECH Software\PICC\9.80\dat\en_msgs.txt -cs \
  -h+battery.sym -z -Q16F1934 -ol.obj -Mbattery.map -E1 -ACONST=00h-0FFhx16 \
  -ACODE=00h-07FFhx2 -ASTRCODE=00h-0FFFh -AENTRY=00h-0FFhx16 \
  -ASTRING=00h-0FFhx16 -ABANK0=020h-06Fh -ABANK1=0A0h-0EFh \
  -ABANK2=0120h-016Fh -ABIGRAM=02000h-020EFh \
  -ARAM=020h-06Fh,0A0h-0EFh,0120h-016Fh \
  -AABS1=020h-07Fh,0A0h-0EFh,0120h-016Fh -ACOMMON=070h-07Fh -ASFR0=00h-01Fh \
  -ASFR1=080h-09Fh -ASFR2=0100h-011Fh -ASFR3=0180h-01EFh -ASFR4=0200h-026Fh \
  -ASFR5=0280h-02EFh -ASFR6=0300h-036Fh -ASFR7=0380h-03EFh \
  -ASFR8=0400h-046Fh -ASFR9=0480h-04EFh -ASFR10=0500h-056Fh \
  -ASFR11=0580h-05EFh -ASFR12=0600h-066Fh -ASFR13=0680h-06EFh \
  -ASFR14=0700h-076Fh -ASFR15=0780h-07EFh -ASFR16=0800h-086Fh \
  -ASFR17=0880h-08EFh -ASFR18=0900h-096Fh -ASFR19=0980h-09EFh \
  -ASFR20=0A00h-0A6Fh -ASFR21=0A80h-0AEFh -ASFR22=0B00h-0B6Fh \
  -ASFR23=0B80h-0BEFh -ASFR24=0C00h-0C6Fh -ASFR25=0C80h-0CEFh \
  -ASFR26=0D00h-0D6Fh -ASFR27=0D80h-0DEFh -ASFR28=0E00h-0E6Fh \
  -ASFR29=0E80h-0EEFh -ASFR30=0F00h-0F6Fh -ASFR31=0F80h-0FEFh \
  -preset_vec=00h,intentry=04h,init,end_init -ppowerup=CODE -pfunctab=CODE \
  -ACONFIG=08007h-08008h -pconfig=CONFIG -DCONFIG=2 -AIDLOC=08000h-08003h \
  -pidloc=IDLOC -DIDLOC=2 -AEEDATA=00h-0FFh/0F000h -peeprom_data=EEDATA \
  -DEEDATA=2 -DCODE=2 -DSTRCODE=2 -DSTRING=2 -DCONST=2 -DENTRY=2 -k \
  C:\DOCUME~1\ADMINI~1\LOCALS~1\Temp\s1pc.obj battery.obj 

Object code version is 3.10

Machine type is 16F1934



                Name                               Link     Load   Length Selector   Space Scale
C:\DOCUME~1\ADMINI~1\LOCALS~1\Temp\s1pc.obj
                end_init                             59       59        3        8       0
                reset_vec                             0        0        2        0       0
battery.obj     intentry                              4        4       55        8       0
                config                             8007     8007        2    1000E       0
                text668                             3DC      3DC       1D        8       0
                text665                             3F9      3F9       19        8       0
                cstackBANK0                          20       20       30       20       1
                cstackCOMMON                         70       70        6       70       1
                cstackBANK1                          B6       B6        3       A0       1
                inittext                            43F      43F        C        8       0
                dataBANK1                            A0       A0       16       A0       1
                dataBANK0                            50       50       17       20       1
                bssBANK0                             67       67        7       20       1
                bssCOMMON                            76       76        3       70       1
                bitbssCOMMON                        3C8       79        1       70       1     8
                cinit                                5C       5C      328        8       0
                stringtext                          500      500      156        A       0
                idataBANK1                          429      429       16        8       0
                idataBIGRAM                         384      384       58        8       0
                idataBANK0                          412      412       17        8       0

TOTAL           Name                               Link     Load   Length     Space
        CLASS   CONST          

        CLASS   CODE           
                end_init                             59       59        3         0
                intentry                              4        4       55         0
                reset_vec                             0        0        2         0
                text668                             3DC      3DC       1D         0
                text665                             3F9      3F9       19         0
                inittext                            43F      43F        C         0
                cinit                                5C       5C      328         0
                idataBANK1                          429      429       16         0
                idataBIGRAM                         384      384       58         0
                idataBANK0                          412      412       17         0

        CLASS   STRCODE        
                stringtext                          500      500      156         0

        CLASS   ENTRY          

        CLASS   STRING         

        CLASS   BANK0          
                cstackBANK0                          20       20       30         1
                dataBANK0                            50       50       17         1
                bssBANK0                             67       67        7         1

        CLASS   BANK1          
                cstackBANK1                          B6       B6        3         1
                dataBANK1                            A0       A0       16         1

        CLASS   BANK2          

        CLASS   BIGRAM         

        CLASS   RAM            

        CLASS   ABS1           
                abs_s1                               7E       7E        2         1
                abs_s1                               E8       E8        8         1
                abs_s1                              120      120       50         1

        CLASS   COMMON         
                cstackCOMMON                         70       70        6         1
                bssCOMMON                            76       76        3         1
                bitbssCOMMON                        3C8       79        1         1

        CLASS   SFR0           

        CLASS   SFR1           

        CLASS   SFR2           

        CLASS   SFR3           

        CLASS   SFR4           

        CLASS   SFR5           

        CLASS   SFR6           

        CLASS   SFR7           

        CLASS   SFR8           

        CLASS   SFR9           

        CLASS   SFR10          

        CLASS   SFR11          

        CLASS   SFR12          

        CLASS   SFR13          

        CLASS   SFR14          

        CLASS   SFR15          

        CLASS   SFR16          

        CLASS   SFR17          

        CLASS   SFR18          

        CLASS   SFR19          

        CLASS   SFR20          

        CLASS   SFR21          

        CLASS   SFR22          

        CLASS   SFR23          

        CLASS   SFR24          

        CLASS   SFR25          

        CLASS   SFR26          

        CLASS   SFR27          

        CLASS   SFR28          

        CLASS   SFR29          

        CLASS   SFR30          

        CLASS   SFR31          

        CLASS   CONFIG         
                config                             8007     8007        2         0

        CLASS   IDLOC          

        CLASS   EEDATA         

        CLASS   BANK31         

        CLASS   BANK30         

        CLASS   BANK29         

        CLASS   BANK28         

        CLASS   BANK27         

        CLASS   BANK26         

        CLASS   BANK25         

        CLASS   BANK24         

        CLASS   BANK23         

        CLASS   BANK22         

        CLASS   BANK21         

        CLASS   BANK20         

        CLASS   BANK19         

        CLASS   BANK18         

        CLASS   BANK17         

        CLASS   BANK16         

        CLASS   BANK15         

        CLASS   BANK14         

        CLASS   BANK13         

        CLASS   BANK12         

        CLASS   BANK11         

        CLASS   BANK10         

        CLASS   BANK9          

        CLASS   BANK8          

        CLASS   BANK7          

        CLASS   BANK6          

        CLASS   BANK5          

        CLASS   BANK4          

        CLASS   BANK3          



SEGMENTS        Name                           Load    Length   Top    Selector   Space  Class     Delta

                reset_vec                      000000  000002  000002         0       0  CODE        2
                intentry                       000004  000447  00044B         8       0  CODE        2
                cstackBANK0                    000020  00004E  00006E        20       1  BANK0       1
                cstackCOMMON                   000070  00000A  00007A        70       1  COMMON      1
                dataBANK1                      0000A0  000019  0000B9        A0       1  BANK1       1
                stringtext                     000500  000156  000656         A       0  STRCODE     2
                config                         008007  000002  008009     1000E       0  CONFIG      2


UNUSED ADDRESS RANGES

        Name                Unused          Largest block    Delta
        BANK0            0006E-0006F               2           1
        BANK1            000B9-000E7              2F           1
        BIGRAM           02000-020EF              F0           1
        CODE             00002-00003               2           2
                         0044B-004FF              B5
                         00656-00FFF             1AA
        COMMON           0007A-0007D               4           1
        CONST            00002-00003               2           2
                         0044B-004FF              B5
                         00656-00FFF             100
        EEDATA           0F000-0F0FF             100           2
        ENTRY            00002-00003               2           2
                         0044B-004FF              B5
                         00656-00FFF             100
        IDLOC            08000-08003               4           2
        RAM              0006E-0006F               2           1
                         000B9-000E7              2F
        SFR0             00000-0001F              20           1
        SFR1             00080-0009F              20           1
        SFR10            00500-0056F              70           1
        SFR11            00580-005EF              70           1
        SFR12            00600-0066F              70           1
        SFR13            00680-006EF              70           1
        SFR14            00700-0076F              70           1
        SFR15            00780-007EF              70           1
        SFR16            00800-0086F              70           1
        SFR17            00880-008EF              70           1
        SFR18            00900-0096F              70           1
        SFR19            00980-009EF              70           1
        SFR2             00100-0011F              20           1
        SFR20            00A00-00A6F              70           1
        SFR21            00A80-00AEF              70           1
        SFR22            00B00-00B6F              70           1
        SFR23            00B80-00BEF              70           1
        SFR24            00C00-00C6F              70           1
        SFR25            00C80-00CEF              70           1
        SFR26            00D00-00D6F              70           1
        SFR27            00D80-00DEF              70           1
        SFR28            00E00-00E6F              70           1
        SFR29            00E80-00EEF              70           1
        SFR3             00180-001EF              70           1
        SFR30            00F00-00F6F              70           1
        SFR31            00F80-00FEF              70           1
        SFR4             00200-0026F              70           1
        SFR5             00280-002EF              70           1
        SFR6             00300-0036F              70           1
        SFR7             00380-003EF              70           1
        SFR8             00400-0046F              70           1
        SFR9             00480-004EF              70           1
        STRCODE          00002-00003               2           2
                         0044B-004FF              B5
                         00656-00FFF             9AA
        STRING           00002-00003               2           2
                         0044B-004FF              B5
                         00656-00FFF             100

                                  Symbol Table

??_API_LCD_CLEAR               cstackCOMMON 00076
??_API_LCD_INIT                cstackCOMMON 00076
??_CTKSoftDelay                cstackCOMMON 00076
??_ISR_Timer                   cstackCOMMON 00074
??_LoadParamFromEPPROM         cstackCOMMON 00076
??_ReadEE                      cstackCOMMON 00074
??_ReadOrWriteEE               cstackCOMMON 00076
??_WriteEE                     cstackCOMMON 00075
??___ftdiv                     cstackBANK0  0003E
??___ftmul                     cstackBANK0  0003E
??___ftpack                    cstackBANK0  00025
??___fttol                     cstackBANK0  0002C
??___lwtoft                    cstackCOMMON 00074
??_handlerKeyEventInput        cstackCOMMON 00072
??_handlerPWMInterrupt         cstackCOMMON 00072
??_lcd_write_command           cstackCOMMON 00076
??_main                        cstackCOMMON 00076
??_openOrClosePWM              cstackCOMMON 00071
??_readIntParam                cstackBANK0  00049
??_setPWM                      cstackCOMMON 00070
??_system_state_init           cstackCOMMON 00076
??_tranform_OS_State           cstackBANK0  00020
??_writeIntParam               cstackCOMMON 00076
?_API_LCD_CLEAR                cstackCOMMON 00070
?_API_LCD_INIT                 cstackCOMMON 00070
?_CTKSoftDelay                 cstackCOMMON 00074
?_ISR_Timer                    cstackCOMMON 00070
?_LoadParamFromEPPROM          cstackCOMMON 00070
?_ReadEE                       cstackCOMMON 00070
?_ReadOrWriteEE                cstackBANK0  0004E
?_WriteEE                      cstackCOMMON 00074
?___ftdiv                      cstackBANK0  00038
?___ftmul                      cstackBANK0  00038
?___ftpack                     cstackBANK0  00020
?___fttol                      cstackBANK0  00028
?___lwtoft                     cstackBANK0  00035
?_handlerKeyEventInput         cstackCOMMON 00070
?_handlerPWMInterrupt          cstackCOMMON 00070
?_lcd_write_command            cstackCOMMON 00070
?_main                         cstackCOMMON 00070
?_openOrClosePWM               cstackCOMMON 00070
?_readIntParam                 cstackBANK0  00047
?_setPWM                       cstackCOMMON 00070
?_system_state_init            cstackCOMMON 00070
?_tranform_OS_State            cstackCOMMON 00074
?_writeIntParam                cstackBANK0  00047
CTKSoftDelay@a                 cstackBANK0  00020
CTKSoftDelay@b                 cstackBANK0  00022
CTKSoftDelay@x                 cstackCOMMON 00074
ReadEE@addr                    cstackCOMMON 00074
ReadOrWriteEE@i                cstackBANK1  000B7
ReadOrWriteEE@read             cstackBANK0  0004E
ReadOrWriteEE@startAddr        cstackBANK1  000B6
WriteEE@addr                   cstackCOMMON 00074
WriteEE@data                   cstackCOMMON 00075
_ANSELA                        (abs)        0018C
_ANSELB                        (abs)        0018D
_ANSELE                        (abs)        00190
_API_LCD_CLEAR                 cinit        0012B
_API_LCD_INIT                  cinit        00110
_Battery_12V                   dataBANK0    00051
_Battery_24V                   dataBANK1    000A0
_CFGS                          (abs)        00CAE
_CTKSoftDelay                  cinit        000F8
_DutyRatio                     bssCOMMON    00076
_EEADRL                        (abs)        00191
_EECON2                        (abs)        00196
_EEDATL                        (abs)        00193
_EEPGD                         (abs)        00CAF
_GIE                           (abs)        0005F
_HW_BATTERY_TYPE               bssBANK0     0006B
_IOCBF3                        (abs)        01CB3
_IOCBF4                        (abs)        01CB4
_IOCBF5                        (abs)        01CB5
_IOCBN                         (abs)        00395
_IOCBP                         (abs)        00394
_ISR_Timer                     intentry     00004
_KeyEvent_PendKeyCode          dataBANK0    00050
_LATC                          (abs)        0010E
_LoadParamFromEPPROM           cinit        00131
_OSCCON                        (abs)        00099
_OS_CurrentState               bssBANK0     0006C
_PEIE                          (abs)        0005E
_PORTA                         (abs)        0000C
_PORTB                         (abs)        0000D
_PORTD                         (abs)        0000F
_PORTE                         (abs)        00010
_PR2                           (abs)        0001B
_PR4                           (abs)        00416
_PWMFlag                       bitbssCOMMON 003C8
_PWM_CONTROL_FLAG              bssBANK0     0006D
_PWM_CONTROL_TIMEOUT           bssBANK0     00067
_ParamConfig                   (abs)        02098
_PwmCount                      bssCOMMON    00077
_RB3                           (abs)        0006B
_RB4                           (abs)        0006C
_RB5                           (abs)        0006D
_RC1                           (abs)        00071
_RC2                           (abs)        00072
_RC3                           (abs)        00073
_RD                            (abs)        00CA8
_RE2                           (abs)        00082
_ReadEE                        cinit        001B7
_ReadOrWriteEE                 cinit        00134
_T1CON                         (abs)        00018
_T2CON                         (abs)        0001C
_T4CON                         (abs)        00417
_TMR0IE                        (abs)        0005D
_TMR1H                         (abs)        00017
_TMR1IE                        (abs)        00488
_TMR1IF                        (abs)        00088
_TMR1L                         (abs)        00016
_TMR2IE                        (abs)        00489
_TMR2IF                        (abs)        00089
_TMR4IE                        (abs)        00499
_TMR4IF                        (abs)        00099
_TMR6IF                        (abs)        0009B
_TRISA                         (abs)        0008C
_TRISB                         (abs)        0008D
_TRISC                         (abs)        0008E
_TRISD                         (abs)        0008F
_TRISE                         (abs)        00090
_WDTCON                        (abs)        00097
_WR                            (abs)        00CA9
_WREN                          (abs)        00CAA
_WriteEE                       cinit        001FE
__Habs1                        abs1         00000
__Hbank0                       bank0        00000
__Hbank1                       bank1        00000
__Hbank10                      bank10       00000
__Hbank11                      bank11       00000
__Hbank12                      bank12       00000
__Hbank13                      bank13       00000
__Hbank14                      bank14       00000
__Hbank15                      bank15       00000
__Hbank16                      bank16       00000
__Hbank17                      bank17       00000
__Hbank18                      bank18       00000
__Hbank19                      bank19       00000
__Hbank2                       bank2        00000
__Hbank20                      bank20       00000
__Hbank21                      bank21       00000
__Hbank22                      bank22       00000
__Hbank23                      bank23       00000
__Hbank24                      bank24       00000
__Hbank25                      bank25       00000
__Hbank26                      bank26       00000
__Hbank27                      bank27       00000
__Hbank28                      bank28       00000
__Hbank29                      bank29       00000
__Hbank3                       bank3        00000
__Hbank30                      bank30       00000
__Hbank31                      bank31       00000
__Hbank4                       bank4        00000
__Hbank5                       bank5        00000
__Hbank6                       bank6        00000
__Hbank7                       bank7        00000
__Hbank8                       bank8        00000
__Hbank9                       bank9        00000
__Hbigram                      bigram       00000
__HbitbssCOMMON                bitbssCOMMON 00000
__HbssBANK0                    bssBANK0     00000
__HbssCOMMON                   bssCOMMON    00000
__Hcinit                       cinit        00000
__Hclrtext                     clrtext      00000
__Hcode                        code         00000
__Hcommon                      common       00000
__Hconfig                      config       08009
__HcstackBANK0                 cstackBANK0  00000
__HcstackBANK1                 cstackBANK1  00000
__HcstackCOMMON                cstackCOMMON 00000
__HdataBANK0                   dataBANK0    00000
__HdataBANK1                   dataBANK1    00000
__Heeprom_data                 eeprom_data  00000
__Hend_init                    end_init     0005C
__Hfunctab                     functab      00000
__HidataBANK0                  idataBANK0   00000
__HidataBANK1                  idataBANK1   00000
__HidataBIGRAM                 idataBIGRAM  00000
__Hidloc                       idloc        00000
__Hinit                        init         00059
__Hinittext                    inittext     00000
__Hintentry                    intentry     00059
__Hmaintext                    maintext     00000
__Hpa_nodes                    pa_nodes     00000
__Hpowerup                     powerup      00000
__Hram                         ram          00000
__Hreset_vec                   reset_vec    00002
__Hsfr0                        sfr0         00000
__Hsfr1                        sfr1         00000
__Hsfr10                       sfr10        00000
__Hsfr11                       sfr11        00000
__Hsfr12                       sfr12        00000
__Hsfr13                       sfr13        00000
__Hsfr14                       sfr14        00000
__Hsfr15                       sfr15        00000
__Hsfr16                       sfr16        00000
__Hsfr17                       sfr17        00000
__Hsfr18                       sfr18        00000
__Hsfr19                       sfr19        00000
__Hsfr2                        sfr2         00000
__Hsfr20                       sfr20        00000
__Hsfr21                       sfr21        00000
__Hsfr22                       sfr22        00000
__Hsfr23                       sfr23        00000
__Hsfr24                       sfr24        00000
__Hsfr25                       sfr25        00000
__Hsfr26                       sfr26        00000
__Hsfr27                       sfr27        00000
__Hsfr28                       sfr28        00000
__Hsfr29                       sfr29        00000
__Hsfr3                        sfr3         00000
__Hsfr30                       sfr30        00000
__Hsfr31                       sfr31        00000
__Hsfr4                        sfr4         00000
__Hsfr5                        sfr5         00000
__Hsfr6                        sfr6         00000
__Hsfr7                        sfr7         00000
__Hsfr8                        sfr8         00000
__Hsfr9                        sfr9         00000
__Hstrings                     strings      00000
__Hstringtext                  stringtext   00000
__Htext                        text         00000
__Labs1                        abs1         00000
__Lbank0                       bank0        00000
__Lbank1                       bank1        00000
__Lbank10                      bank10       00000
__Lbank11                      bank11       00000
__Lbank12                      bank12       00000
__Lbank13                      bank13       00000
__Lbank14                      bank14       00000
__Lbank15                      bank15       00000
__Lbank16                      bank16       00000
__Lbank17                      bank17       00000
__Lbank18                      bank18       00000
__Lbank19                      bank19       00000
__Lbank2                       bank2        00000
__Lbank20                      bank20       00000
__Lbank21                      bank21       00000
__Lbank22                      bank22       00000
__Lbank23                      bank23       00000
__Lbank24                      bank24       00000
__Lbank25                      bank25       00000
__Lbank26                      bank26       00000
__Lbank27                      bank27       00000
__Lbank28                      bank28       00000
__Lbank29                      bank29       00000
__Lbank3                       bank3        00000
__Lbank30                      bank30       00000
__Lbank31                      bank31       00000
__Lbank4                       bank4        00000
__Lbank5                       bank5        00000
__Lbank6                       bank6        00000
__Lbank7                       bank7        00000
__Lbank8                       bank8        00000
__Lbank9                       bank9        00000
__Lbigram                      bigram       00000
__LbitbssCOMMON                bitbssCOMMON 00000
__LbssBANK0                    bssBANK0     00000
__LbssCOMMON                   bssCOMMON    00000
__Lcinit                       cinit        00000
__Lclrtext                     clrtext      00000
__Lcode                        code         00000
__Lcommon                      common       00000
__Lconfig                      config       08007
__LcstackBANK0                 cstackBANK0  00000
__LcstackBANK1                 cstackBANK1  00000
__LcstackCOMMON                cstackCOMMON 00000
__LdataBANK0                   dataBANK0    00000
__LdataBANK1                   dataBANK1    00000
__Leeprom_data                 eeprom_data  00000
__Lend_init                    end_init     00059
__Lfunctab                     functab      00000
__LidataBANK0                  idataBANK0   00000
__LidataBANK1                  idataBANK1   00000
__LidataBIGRAM                 idataBIGRAM  00000
__Lidloc                       idloc        00000
__Linit                        init         00059
__Linittext                    inittext     00000
__Lintentry                    intentry     00004
__Lmaintext                    maintext     00000
__Lpa_nodes                    pa_nodes     00000
__Lpowerup                     powerup      00000
__Lram                         ram          00000
__Lreset_vec                   reset_vec    00000
__Lsfr0                        sfr0         00000
__Lsfr1                        sfr1         00000
__Lsfr10                       sfr10        00000
__Lsfr11                       sfr11        00000
__Lsfr12                       sfr12        00000
__Lsfr13                       sfr13        00000
__Lsfr14                       sfr14        00000
__Lsfr15                       sfr15        00000
__Lsfr16                       sfr16        00000
__Lsfr17                       sfr17        00000
__Lsfr18                       sfr18        00000
__Lsfr19                       sfr19        00000
__Lsfr2                        sfr2         00000
__Lsfr20                       sfr20        00000
__Lsfr21                       sfr21        00000
__Lsfr22                       sfr22        00000
__Lsfr23                       sfr23        00000
__Lsfr24                       sfr24        00000
__Lsfr25                       sfr25        00000
__Lsfr26                       sfr26        00000
__Lsfr27                       sfr27        00000
__Lsfr28                       sfr28        00000
__Lsfr29                       sfr29        00000
__Lsfr3                        sfr3         00000
__Lsfr30                       sfr30        00000
__Lsfr31                       sfr31        00000
__Lsfr4                        sfr4         00000
__Lsfr5                        sfr5         00000
__Lsfr6                        sfr6         00000
__Lsfr7                        sfr7         00000
__Lsfr8                        sfr8         00000
__Lsfr9                        sfr9         00000
__Lstrings                     strings      00000
__Lstringtext                  stringtext   00000
__Ltext                        text         00000
__S0                           (abs)        08009
__S1                           (abs)        000B9
__S2                           (abs)        00000
___ftdiv                       cinit        00269
___ftdiv@cntr                  cstackBANK0  00041
___ftdiv@exp                   cstackBANK0  00045
___ftdiv@f1                    cstackBANK0  0003B
___ftdiv@f2                    cstackBANK0  00038
___ftdiv@f3                    cstackBANK0  00042
___ftdiv@sign                  cstackBANK0  00046
___ftmul                       cinit        00305
___ftmul@cntr                  cstackBANK0  00045
___ftmul@exp                   cstackBANK0  00041
___ftmul@f1                    cstackBANK0  00038
___ftmul@f2                    cstackBANK0  0003B
___ftmul@f3_as_product         cstackBANK0  00042
___ftmul@sign                  cstackBANK0  00046
___ftpack                      cinit        002CB
___ftpack@arg                  cstackBANK0  00020
___ftpack@exp                  cstackBANK0  00023
___ftpack@sign                 cstackBANK0  00024
___fttol                       cinit        00214
___fttol@exp1                  cstackBANK0  00034
___fttol@f1                    cstackBANK0  00028
___fttol@lval                  cstackBANK0  00030
___fttol@sign1                 cstackBANK0  0002F
___lwtoft                      cinit        001EE
___lwtoft@c                    cstackBANK0  00035
__end_of_API_LCD_CLEAR         cinit        00131
__end_of_API_LCD_INIT          cinit        0011F
__end_of_CTKSoftDelay          cinit        00110
__end_of_ISR_Timer             intentry     00059
__end_of_LoadParamFromEPPROM   cinit        00134
__end_of_ReadEE                cinit        001C4
__end_of_ReadOrWriteEE         cinit        0017D
__end_of_WriteEE               cinit        00214
__end_of___ftdiv               cinit        002CB
__end_of___ftmul               cinit        00369
__end_of___ftpack              cinit        00305
__end_of___fttol               cinit        00269
__end_of___lwtoft              cinit        001FE
__end_of_handlerKeyEventInput  text668      003F9
__end_of_handlerPWMInterrupt   text665      003FE
__end_of_lcd_write_command     cinit        0012B
__end_of_main                  cinit        000A3
__end_of_openOrClosePWM        text665      00409
__end_of_readIntParam          cinit        001B7
__end_of_setPWM                text665      00412
__end_of_system_state_init     cinit        000F8
__end_of_tranform_OS_State     cinit        000B2
__end_of_writeIntParam         cinit        001EE
__pbitbssCOMMON                bitbssCOMMON 003C8
__pbssBANK0                    bssBANK0     00067
__pbssCOMMON                   bssCOMMON    00076
__pcstackBANK0                 cstackBANK0  00020
__pcstackBANK1                 cstackBANK1  000B6
__pcstackCOMMON                cstackCOMMON 00070
__pdataBANK0                   dataBANK0    00050
__pdataBANK1                   dataBANK1    000A0
__pdataBIGRAM                  (abs)        02098
__pidataBANK0                  idataBANK0   00412
__pidataBANK1                  idataBANK1   00429
__pidataBIGRAM                 idataBIGRAM  00384
__pintentry                    intentry     00004
__pmaintext                    cinit        00093
__pstringtext                  stringtext   00500
__ptext647                     cinit        00131
__ptext648                     cinit        00134
__ptext649                     cinit        001C4
__ptext650                     cinit        0017D
__ptext651                     cinit        0012B
__ptext652                     cinit        00110
__ptext653                     cinit        001EE
__ptext654                     cinit        00305
__ptext655                     cinit        00269
__ptext656                     cinit        0011F
__ptext657                     cinit        000B2
__ptext658                     cinit        00214
__ptext659                     cinit        002CB
__ptext660                     cinit        001FE
__ptext661                     cinit        001B7
__ptext662                     cinit        000F8
__ptext663                     cinit        000A3
__ptext665                     text665      003F9
__ptext666                     text665      003FE
__ptext667                     text665      00409
__ptext668                     text668      003DC
__ptext669                     text669      00000
__size_of_API_LCD_CLEAR        (abs)        00000
__size_of_API_LCD_INIT         (abs)        00000
__size_of_CTKSoftDelay         (abs)        00000
__size_of_ISR_Timer            (abs)        00000
__size_of_LoadParamFromEPPROM  (abs)        00000
__size_of_ReadEE               (abs)        00000
__size_of_ReadOrWriteEE        (abs)        00000
__size_of_WriteEE              (abs)        00000
__size_of___ftdiv              (abs)        00000
__size_of___ftmul              (abs)        00000
__size_of___ftpack             (abs)        00000
__size_of___fttol              (abs)        00000
__size_of___lwtoft             (abs)        00000
__size_of_handlerKeyEventInput (abs)        00000
__size_of_handlerPWMInterrupt  (abs)        00000
__size_of_lcd_write_command    (abs)        00000
__size_of_main                 (abs)        00000
__size_of_openOrClosePWM       (abs)        00000
__size_of_readIntParam         (abs)        00000
__size_of_setPWM               (abs)        00000
__size_of_system_state_init    (abs)        00000
__size_of_tranform_OS_State    (abs)        00000
__size_of_writeIntParam        (abs)        00000
__stringtab                    stringtext   00500
_dpowers                       stringtext   00501
_exit                          init         00059
_handlerKeyEventInput          text668      003DC
_handlerPWMInterrupt           text665      003F9
_lcd_state                     bssCOMMON    00078
_lcd_write_command             cinit        0011F
_main                          cinit        00093
_openOrClosePWM                text665      003FE
_readIntParam                  cinit        0017D
_setPWM                        text665      00409
_system_state_init             cinit        000B2
_tranform_OS_State             cinit        000A3
_writeIntParam                 cinit        001C4
btemp                          (abs)        0007E
end_of_initialization          cinit        00091
handlerKeyEventInput@keyCode   cstackCOMMON 00070
i1l10826                                         
i1l10836                                         
i1l10838                                         
i1l10840                                         
i1l10844                                         
i1l10854                                         
i1l10858                                         
i1l10870                                         
i1l10890                                         
i1l10898                                         
i1l10908                                         
i1l2327                                          
init_ram                       inittext     0043F
intlevel0                      functab      00000
intlevel1                      functab      00000
intlevel2                      functab      00000
intlevel3                      functab      00000
intlevel4                      functab      00000
intlevel5                      functab      00000
l11252                                           
l11270                                           
l11276                                           
l11280                                           
l11282                                           
l11284                                           
l11290                                           
l11292                                           
l11294                                           
l11296                                           
l11298                                           
l11300                                           
l11302                                           
l11304                                           
l11306                                           
l11326                                           
l11328                                           
l11330                                           
l11332                                           
l11338                                           
l11340                                           
l11342                                           
l11344                                           
l11346                                           
l11354                                           
l11364                                           
l11370                                           
l11372                                           
l11374                                           
l11376                                           
l11378                                           
l11380                                           
l11382                                           
l11384                                           
l11386                                           
l11388                                           
l11390                                           
l11392                                           
l11394                                           
l11396                                           
l11398                                           
l11400                                           
l11402                                           
l11404                                           
l11406                                           
l11408                                           
l11410                                           
l11412                                           
l11414                                           
l11416                                           
l11418                                           
l11420                                           
l11432                                           
l11434                                           
l11436                                           
l11438                                           
l11440                                           
l11442                                           
l11444                                           
l11446                                           
l11448                                           
l11454                                           
l11458                                           
l11460                                           
l11464                                           
l11478                                           
l11480                                           
l11482                                           
l11484                                           
l11486                                           
l11488                                           
l11490                                           
l11492                                           
l11500                                           
l11502                                           
l11504                                           
l11512                                           
l11514                                           
l11516                                           
l11520                                           
l11524                                           
l11526                                           
l11528                                           
l11530                                           
l11532                                           
l11534                                           
l11538                                           
l11540                                           
l11544                                           
l11564                                           
l11566                                           
l11568                                           
l11570                                           
l11572                                           
l11574                                           
l11576                                           
l11580                                           
l4389                                            
l4400                                            
l4403                                            
l6605                                            
l6608                                            
l6617                                            
l6620                                            
l8760                                            
l8769                                            
l8772                                            
l9343                                            
lcd_write_command@command      cstackBANK0  00024
openOrClosePWM@open            cstackCOMMON 00071
readIntParam@addr              cstackBANK0  0004D
readIntParam@value             cstackBANK0  0004B
reset_vec                      reset_vec    00000
setPWM@open                    cstackCOMMON 00070
start                          init         00059
start_initialization           cinit        0005C
tranform_OS_State@state        cstackCOMMON 00074
u1360                                            
writeIntParam@addr             cstackBANK0  00049
writeIntParam@data             cstackBANK0  0004A
writeIntParam@value            cstackBANK0  00047
wtemp0                         (abs)        0007E
