HI-TECH Software C Compiler 

Linker command line:

--edf=C:\Program Files\HI-TECH Software\PICC\9.80\dat\en_msgs.txt -cs \
  -h+battery.sym -z -Q16F1934 -ol.obj -Mbattery.map -E1 -ACONST=00h-0FFhx16 \
  -ACODE=00h-07FFhx2 -ASTRCODE=00h-0FFFh -AENTRY=00h-0FFhx16 \
  -ASTRING=00h-0FFhx16 -ABANK0=020h-06Fh -ABANK1=0A0h-0EFh \
  -ABANK2=0120h-016Fh -ABIGRAM=02000h-020EFh \
  -ARAM=020h-06Fh,0A0h-0EFh,0120h-016Fh \
  -AABS1=020h-07Fh,0A0h-0EFh,0120h-016Fh -ACOMMON=070h-07Fh -ASFR0=00h-01Fh \
  -ASFR1=080h-09Fh -ASFR2=0100h-011Fh -ASFR3=0180h-01EFh -ASFR4=0200h-026Fh \
  -ASFR5=0280h-02EFh -ASFR6=0300h-036Fh -ASFR7=0380h-03EFh \
  -ASFR8=0400h-046Fh -ASFR9=0480h-04EFh -ASFR10=0500h-056Fh \
  -ASFR11=0580h-05EFh -ASFR12=0600h-066Fh -ASFR13=0680h-06EFh \
  -ASFR14=0700h-076Fh -ASFR15=0780h-07EFh -ASFR16=0800h-086Fh \
  -ASFR17=0880h-08EFh -ASFR18=0900h-096Fh -ASFR19=0980h-09EFh \
  -ASFR20=0A00h-0A6Fh -ASFR21=0A80h-0AEFh -ASFR22=0B00h-0B6Fh \
  -ASFR23=0B80h-0BEFh -ASFR24=0C00h-0C6Fh -ASFR25=0C80h-0CEFh \
  -ASFR26=0D00h-0D6Fh -ASFR27=0D80h-0DEFh -ASFR28=0E00h-0E6Fh \
  -ASFR29=0E80h-0EEFh -ASFR30=0F00h-0F6Fh -ASFR31=0F80h-0FEFh \
  -preset_vec=00h,intentry=04h,init,end_init -ppowerup=CODE -pfunctab=CODE \
  -ACONFIG=08007h-08008h -pconfig=CONFIG -DCONFIG=2 -AIDLOC=08000h-08003h \
  -pidloc=IDLOC -DIDLOC=2 -AEEDATA=00h-0FFh/0F000h -peeprom_data=EEDATA \
  -DEEDATA=2 -DCODE=2 -DSTRCODE=2 -DSTRING=2 -DCONST=2 -DENTRY=2 -k \
  startup.obj battery.obj 

Object code version is 3.10

Machine type is 16F1934



                Name                               Link     Load   Length Selector   Space Scale
startup.obj     end_init                            11F      11F        3        8       0
                reset_vec                             0        0        2        0       0
battery.obj     intentry                              4        4      11B        8       0
                config                             8007     8007        2    1000E       0
                text604                             80A      80A      7F6     1014       0
                text587                             2E4      2E4       55      5C8       0
                cstackBANK0                          4B       4B       20       20       1
                cstackCOMMON                         70       70        E       70       1
                inittext                            3A8      3A8        6      5C8       0
                clrtext                             3A2      3A2        6      5C8       0
                dataBANK1                            A0       A0       4E       A0       1
                dataBANK0                            6F       6F        1       20       1
                bssBANK0                             20       20       2B       20       1
                bitbssBANK0                         358       6B       12       20       1     8
                cinit                               387      387       1B      5C8       0
                bitnvBANK0                          370       6E        2       20       1     8
                strings                             200      200       E4      400       0
                idataBANK1                          339      339       4E      5C8       0

TOTAL           Name                               Link     Load   Length     Space
        CLASS   CONST          

        CLASS   CODE           
                end_init                            11F      11F        3         0
                intentry                              4        4      11B         0
                reset_vec                             0        0        2         0
                text604                             80A      80A      7F6         0
                text587                             2E4      2E4       55         0
                inittext                            3A8      3A8        6         0
                clrtext                             3A2      3A2        6         0
                cinit                               387      387       1B         0
                idataBANK1                          339      339       4E         0

        CLASS   STRCODE        

        CLASS   ENTRY          

        CLASS   STRING         
                strings                             200      200       E4         0

        CLASS   BANK0          
                cstackBANK0                          4B       4B       20         1
                dataBANK0                            6F       6F        1         1
                bssBANK0                             20       20       2B         1
                bitbssBANK0                         358       6B       12         1
                bitnvBANK0                          370       6E        2         1

        CLASS   BANK1          
                dataBANK1                            A0       A0       4E         1

        CLASS   BANK2          

        CLASS   BIGRAM         

        CLASS   RAM            

        CLASS   ABS1           
                abs_s1                               7E       7E        2         1

        CLASS   COMMON         
                cstackCOMMON                         70       70        E         1

        CLASS   SFR0           

        CLASS   SFR1           

        CLASS   SFR2           

        CLASS   SFR3           

        CLASS   SFR4           

        CLASS   SFR5           

        CLASS   SFR6           

        CLASS   SFR7           

        CLASS   SFR8           

        CLASS   SFR9           

        CLASS   SFR10          

        CLASS   SFR11          

        CLASS   SFR12          

        CLASS   SFR13          

        CLASS   SFR14          

        CLASS   SFR15          

        CLASS   SFR16          

        CLASS   SFR17          

        CLASS   SFR18          

        CLASS   SFR19          

        CLASS   SFR20          

        CLASS   SFR21          

        CLASS   SFR22          

        CLASS   SFR23          

        CLASS   SFR24          

        CLASS   SFR25          

        CLASS   SFR26          

        CLASS   SFR27          

        CLASS   SFR28          

        CLASS   SFR29          

        CLASS   SFR30          

        CLASS   SFR31          

        CLASS   CONFIG         
                config                             8007     8007        2         0

        CLASS   IDLOC          

        CLASS   EEDATA         

        CLASS   BANK31         

        CLASS   BANK30         

        CLASS   BANK29         

        CLASS   BANK28         

        CLASS   BANK27         

        CLASS   BANK26         

        CLASS   BANK25         

        CLASS   BANK24         

        CLASS   BANK23         

        CLASS   BANK22         

        CLASS   BANK21         

        CLASS   BANK20         

        CLASS   BANK19         

        CLASS   BANK18         

        CLASS   BANK17         

        CLASS   BANK16         

        CLASS   BANK15         

        CLASS   BANK14         

        CLASS   BANK13         

        CLASS   BANK12         

        CLASS   BANK11         

        CLASS   BANK10         

        CLASS   BANK9          

        CLASS   BANK8          

        CLASS   BANK7          

        CLASS   BANK6          

        CLASS   BANK5          

        CLASS   BANK4          

        CLASS   BANK3          



SEGMENTS        Name                           Load    Length   Top    Selector   Space  Class     Delta

                reset_vec                      000000  000002  000002         0       0  CODE        2
                intentry                       000004  00011E  000122         8       0  CODE        2
                bssBANK0                       000020  000050  000070        20       1  BANK0       1
                cstackCOMMON                   000070  00000E  00007E        70       1  COMMON      1
                dataBANK1                      0000A0  00004E  0000EE        A0       1  BANK1       1
                strings                        000200  0000E4  0002E4       400       0  STRING      2
                text587                        0002E4  0000CA  0003AE       5C8       0  CODE        2
                text604                        00080A  0007F6  001000      1014       0  CODE        2
                config                         008007  000002  008009     1000E       0  CONFIG      2


UNUSED ADDRESS RANGES

        Name                Unused          Largest block    Delta
        BANK1            000EE-000EF               2           1
        BANK2            00120-0016F              50           1
        BIGRAM           02000-020EF              F0           1
        CODE             00002-00003               2           2
                         00122-001FF              DE
                         003AE-00809             452
        CONST            00002-00003               2           2
                         00122-001FF              DE
                         003AE-00809             100
        EEDATA           0F000-0F0FF             100           2
        ENTRY            00002-00003               2           2
                         00122-001FF              DE
                         003AE-00809             100
        IDLOC            08000-08003               4           2
        RAM              000EE-000EF               2           1
                         00120-0016F              50
        SFR0             00000-0001F              20           1
        SFR1             00080-0009F              20           1
        SFR10            00500-0056F              70           1
        SFR11            00580-005EF              70           1
        SFR12            00600-0066F              70           1
        SFR13            00680-006EF              70           1
        SFR14            00700-0076F              70           1
        SFR15            00780-007EF              70           1
        SFR16            00800-0086F              70           1
        SFR17            00880-008EF              70           1
        SFR18            00900-0096F              70           1
        SFR19            00980-009EF              70           1
        SFR2             00100-0011F              20           1
        SFR20            00A00-00A6F              70           1
        SFR21            00A80-00AEF              70           1
        SFR22            00B00-00B6F              70           1
        SFR23            00B80-00BEF              70           1
        SFR24            00C00-00C6F              70           1
        SFR25            00C80-00CEF              70           1
        SFR26            00D00-00D6F              70           1
        SFR27            00D80-00DEF              70           1
        SFR28            00E00-00E6F              70           1
        SFR29            00E80-00EEF              70           1
        SFR3             00180-001EF              70           1
        SFR30            00F00-00F6F              70           1
        SFR31            00F80-00FEF              70           1
        SFR4             00200-0026F              70           1
        SFR5             00280-002EF              70           1
        SFR6             00300-0036F              70           1
        SFR7             00380-003EF              70           1
        SFR8             00400-0046F              70           1
        SFR9             00480-004EF              70           1
        STRCODE          00002-00003               2           2
                         00122-001FF              DE
                         003AE-00809             45C
        STRING           00002-00003               2           2
                         00122-001FF              DE
                         003AE-00809             100

                                  Symbol Table

??_BatteryStateSwitch                cstackCOMMON 00072
??_Delay                             cstackCOMMON 00072
??_GetBatteryVoltage                 cstackCOMMON 0007D
??_GetLoadCurrentVoltage             cstackCOMMON 0007D
??_GetSolarPanelVoltage              cstackCOMMON 0007D
??_ISR_Timer                         cstackCOMMON 00070
??_KaiJi                             cstackBANK0  0005C
??_LedDisplay                        cstackCOMMON 00070
??_LoadCurrentDealWith               cstackCOMMON 0007E
??_PWMCharge                         cstackCOMMON 0007E
??_ReadEE                            cstackCOMMON 00070
??_SelectMode                        cstackCOMMON 00070
??_SolarPanelDealWith                cstackBANK0  0005C
??_SwitchBatteryState                cstackBANK0  0005C
??___ftdiv                           cstackBANK0  0005D
??___ftpack                          cstackCOMMON 00075
??___fttol                           cstackBANK0  0004B
??___lwtoft                          cstackCOMMON 0007C
??___wmul                            cstackCOMMON 00074
??_delay                             cstackCOMMON 00072
??_getADValue                        cstackBANK0  0004D
??_getADValueOneTime                 cstackCOMMON 00078
??_lcd_init                          cstackCOMMON 00077
??_lcd_move_char                     cstackCOMMON 00077
??_lcd_print_line1                   cstackCOMMON 0007B
??_lcd_print_line2                   cstackCOMMON 0007A
??_lcd_write_command                 cstackCOMMON 00076
??_lcd_write_data                    cstackCOMMON 00076
??_load_system_state                 cstackCOMMON 0007E
??_main                              cstackCOMMON 0007E
??_readFromEEPROM                    cstackCOMMON 0007E
??_system_state_init                 cstackCOMMON 00076
?_BatteryStateSwitch                 cstackCOMMON 00070
?_Delay                              cstackCOMMON 00070
?_GetBatteryVoltage                  cstackBANK0  0005A
?_GetLoadCurrentVoltage              cstackBANK0  0005A
?_GetSolarPanelVoltage               cstackBANK0  0005A
?_ISR_Timer                          cstackCOMMON 00070
?_KaiJi                              cstackCOMMON 00070
?_LedDisplay                         cstackCOMMON 00070
?_LoadCurrentDealWith                cstackCOMMON 00070
?_PWMCharge                          cstackCOMMON 00070
?_ReadEE                             cstackCOMMON 00070
?_SelectMode                         cstackCOMMON 00070
?_SolarPanelDealWith                 cstackCOMMON 00070
?_SwitchBatteryState                 cstackCOMMON 00070
?___ftdiv                            cstackBANK0  00057
?___ftpack                           cstackCOMMON 00070
?___fttol                            cstackCOMMON 00078
?___lwtoft                           cstackBANK0  00054
?___wmul                             cstackCOMMON 00070
?_delay                              cstackCOMMON 00070
?_getADValue                         cstackBANK0  0004B
?_getADValueOneTime                  cstackCOMMON 00076
?_lcd_init                           cstackCOMMON 00070
?_lcd_move_char                      cstackCOMMON 00070
?_lcd_print_line1                    cstackCOMMON 00077
?_lcd_print_line2                    cstackCOMMON 00077
?_lcd_write_command                  cstackCOMMON 00070
?_lcd_write_data                     cstackCOMMON 00070
?_load_system_state                  cstackCOMMON 00070
?_main                               cstackCOMMON 00070
?_readFromEEPROM                     cstackCOMMON 0007C
?_system_state_init                  cstackCOMMON 00070
BatteryStateSwitch@BatteryVoltage    cstackCOMMON 00070
BatteryStateSwitch@adjust            cstackCOMMON 00076
Delay@a                              cstackCOMMON 00072
Delay@b                              cstackCOMMON 00074
Delay@x                              cstackCOMMON 00070
PWMCharge@ChangeBatteryVoltag        cstackBANK0  0005C
ReadEE@addr                          cstackCOMMON 00070
SolarPanelDealWith@SolarPanelVoltage cstackBANK0  00062
_ADBase                              bssBANK0     00020
_ADCON0                              (abs)        0009D
_ADCON1                              (abs)        0009E
_ADGO                                (abs)        004E9
_ADRESH                              (abs)        0009C
_ADRESL                              (abs)        0009B
_ADVoltage                           bssBANK0     00022
_ANSELA                              (abs)        0018C
_ANSELB                              (abs)        0018D
_ANSELE                              (abs)        00190
_BatteryLastState                    bssBANK0     0003C
_BatteryStandard                     bssBANK0     0003D
_BatteryState                        bssBANK0     0003E
_BatteryStateSwitch                  text604      00C5A
_Battery_12V                         dataBANK1    000A3
_Battery_24V                         dataBANK1    000B9
_CFGS                                (abs)        00CAE
_ClampVoltage                        bssBANK0     00024
_DAYTIME                             bitbssBANK0  00358
_Delay                               text604      00B01
_DutyRatio                           bssBANK0     0003F
_EEADRL                              (abs)        00191
_EEDATL                              (abs)        00193
_EEPGD                               (abs)        00CAF
_EnhanceChargeFlag                   bitbssBANK0  00359
_EnhanceCharge_Time                  bssBANK0     00026
_EqualizingChargeFlag                bitbssBANK0  0035A
_EqualizingCharge_Time               bssBANK0     00028
_FVRCON                              (abs)        00117
_FloatingChargeFlag                  bitbssBANK0  0035B
_GIE                                 (abs)        0005F
_GetBatteryVoltage                   text604      00C53
_GetLoadCurrentVoltage               text604      00E21
_GetSolarPanelVoltage                text604      00AFA
_IOCBF3                              (abs)        01CB3
_IOCBF4                              (abs)        01CB4
_IOCBF5                              (abs)        01CB5
_IOCBN                               (abs)        00395
_IOCBP                               (abs)        00394
_ISR_Timer                           intentry     00004
_KaiJi                               text604      009DD
_LATB                                (abs)        0010D
_LATC                                (abs)        0010E
_LPVCount                            bssBANK0     00040
_LPVFlag                             bitbssBANK0  0035C
_LedDisplay                          text604      00CD8
_LightTime                           bssBANK0     00041
_LoadCurrentDealWith                 text604      00FBF
_LoadFlag                            bitnvBANK0   00370
_LoadOpen                            bitbssBANK0  0035D
_LoadShort                           bitbssBANK0  0035E
_LoadState                           bitnvBANK0   00371
_OSCCON                              (abs)        00099
_OverLoadTime                        bssBANK0     0002A
_PEIE                                (abs)        0005E
_PORTA                               (abs)        0000C
_PORTB                               (abs)        0000D
_PORTD                               (abs)        0000F
_PORTE                               (abs)        00010
_PR2                                 (abs)        0001B
_PR4                                 (abs)        00416
_PVChargeFlag                        bitbssBANK0  0035F
_PVCount                             bssBANK0     00042
_PVState                             bitbssBANK0  00360
_PWMCharge                           text587      002E4
_PWMChargeFlag                       bitbssBANK0  00361
_PWMFlag                             bitbssBANK0  00362
_PwmCount                            bssBANK0     00043
_RB3                                 (abs)        0006B
_RB4                                 (abs)        0006C
_RB5                                 (abs)        0006D
_RB6                                 (abs)        0006E
_RC1                                 (abs)        00071
_RC2                                 (abs)        00072
_RC3                                 (abs)        00073
_RD                                  (abs)        00CA8
_RE2                                 (abs)        00082
_ReadEE                              text604      00E04
_SDBatteryVoltage                    bssBANK0     0002C
_SDSolarPanelVoltage                 bssBANK0     0002E
_SelectMode                          text604      00CA9
_SolarPanelDealWith                  text604      00A33
_SwitchBatteryState                  text604      00B19
_SystemErrorCount                    bssBANK0     00030
_SystemModeType                      dataBANK0    0006F
_T1CON                               (abs)        00018
_T2CON                               (abs)        0001C
_T2Flag                              bitbssBANK0  00363
_T4CON                               (abs)        00417
_TMR0IE                              (abs)        0005D
_TMR1H                               (abs)        00017
_TMR1IE                              (abs)        00488
_TMR1IF                              (abs)        00088
_TMR1L                               (abs)        00016
_TMR2IE                              (abs)        00489
_TMR2IF                              (abs)        00089
_TMR4IE                              (abs)        00499
_TMR4IF                              (abs)        00099
_TMR6IF                              (abs)        0009B
_TRISA                               (abs)        0008C
_TRISB                               (abs)        0008D
_TRISC                               (abs)        0008E
_TRISD                               (abs)        0008F
_TRISE                               (abs)        00090
_TimeModeHour                        bssBANK0     00032
_WDTCON                              (abs)        00097
__Habs1                              abs1         00000
__Hbank0                             bank0        00000
__Hbank1                             bank1        00000
__Hbank10                            bank10       00000
__Hbank11                            bank11       00000
__Hbank12                            bank12       00000
__Hbank13                            bank13       00000
__Hbank14                            bank14       00000
__Hbank15                            bank15       00000
__Hbank16                            bank16       00000
__Hbank17                            bank17       00000
__Hbank18                            bank18       00000
__Hbank19                            bank19       00000
__Hbank2                             bank2        00000
__Hbank20                            bank20       00000
__Hbank21                            bank21       00000
__Hbank22                            bank22       00000
__Hbank23                            bank23       00000
__Hbank24                            bank24       00000
__Hbank25                            bank25       00000
__Hbank26                            bank26       00000
__Hbank27                            bank27       00000
__Hbank28                            bank28       00000
__Hbank29                            bank29       00000
__Hbank3                             bank3        00000
__Hbank30                            bank30       00000
__Hbank31                            bank31       00000
__Hbank4                             bank4        00000
__Hbank5                             bank5        00000
__Hbank6                             bank6        00000
__Hbank7                             bank7        00000
__Hbank8                             bank8        00000
__Hbank9                             bank9        00000
__Hbigram                            bigram       00000
__HbitbssBANK0                       bitbssBANK0  00000
__HbitnvBANK0                        bitnvBANK0   00000
__HbssBANK0                          bssBANK0     00000
__Hcinit                             cinit        00000
__Hclrtext                           clrtext      00000
__Hcode                              code         00000
__Hcommon                            common       00000
__Hconfig                            config       08009
__HcstackBANK0                       cstackBANK0  00000
__HcstackCOMMON                      cstackCOMMON 00000
__HdataBANK0                         dataBANK0    00000
__HdataBANK1                         dataBANK1    00000
__Heeprom_data                       eeprom_data  00000
__Hend_init                          end_init     00122
__Hfunctab                           functab      00000
__HidataBANK0                        idataBANK0   00000
__HidataBANK1                        idataBANK1   00000
__Hidloc                             idloc        00000
__Hinit                              init         0011F
__Hinittext                          inittext     00000
__Hintentry                          intentry     0011F
__Hmaintext                          maintext     00000
__Hpa_nodes                          pa_nodes     00000
__Hpowerup                           powerup      00000
__Hram                               ram          00000
__Hreset_vec                         reset_vec    00002
__Hsfr0                              sfr0         00000
__Hsfr1                              sfr1         00000
__Hsfr10                             sfr10        00000
__Hsfr11                             sfr11        00000
__Hsfr12                             sfr12        00000
__Hsfr13                             sfr13        00000
__Hsfr14                             sfr14        00000
__Hsfr15                             sfr15        00000
__Hsfr16                             sfr16        00000
__Hsfr17                             sfr17        00000
__Hsfr18                             sfr18        00000
__Hsfr19                             sfr19        00000
__Hsfr2                              sfr2         00000
__Hsfr20                             sfr20        00000
__Hsfr21                             sfr21        00000
__Hsfr22                             sfr22        00000
__Hsfr23                             sfr23        00000
__Hsfr24                             sfr24        00000
__Hsfr25                             sfr25        00000
__Hsfr26                             sfr26        00000
__Hsfr27                             sfr27        00000
__Hsfr28                             sfr28        00000
__Hsfr29                             sfr29        00000
__Hsfr3                              sfr3         00000
__Hsfr30                             sfr30        00000
__Hsfr31                             sfr31        00000
__Hsfr4                              sfr4         00000
__Hsfr5                              sfr5         00000
__Hsfr6                              sfr6         00000
__Hsfr7                              sfr7         00000
__Hsfr8                              sfr8         00000
__Hsfr9                              sfr9         00000
__Hstrings                           strings      00000
__Htext                              text         00000
__Labs1                              abs1         00000
__Lbank0                             bank0        00000
__Lbank1                             bank1        00000
__Lbank10                            bank10       00000
__Lbank11                            bank11       00000
__Lbank12                            bank12       00000
__Lbank13                            bank13       00000
__Lbank14                            bank14       00000
__Lbank15                            bank15       00000
__Lbank16                            bank16       00000
__Lbank17                            bank17       00000
__Lbank18                            bank18       00000
__Lbank19                            bank19       00000
__Lbank2                             bank2        00000
__Lbank20                            bank20       00000
__Lbank21                            bank21       00000
__Lbank22                            bank22       00000
__Lbank23                            bank23       00000
__Lbank24                            bank24       00000
__Lbank25                            bank25       00000
__Lbank26                            bank26       00000
__Lbank27                            bank27       00000
__Lbank28                            bank28       00000
__Lbank29                            bank29       00000
__Lbank3                             bank3        00000
__Lbank30                            bank30       00000
__Lbank31                            bank31       00000
__Lbank4                             bank4        00000
__Lbank5                             bank5        00000
__Lbank6                             bank6        00000
__Lbank7                             bank7        00000
__Lbank8                             bank8        00000
__Lbank9                             bank9        00000
__Lbigram                            bigram       00000
__LbitbssBANK0                       bitbssBANK0  00000
__LbitnvBANK0                        bitnvBANK0   00000
__LbssBANK0                          bssBANK0     00000
__Lcinit                             cinit        00000
__Lclrtext                           clrtext      00000
__Lcode                              code         00000
__Lcommon                            common       00000
__Lconfig                            config       08007
__LcstackBANK0                       cstackBANK0  00000
__LcstackCOMMON                      cstackCOMMON 00000
__LdataBANK0                         dataBANK0    00000
__LdataBANK1                         dataBANK1    00000
__Leeprom_data                       eeprom_data  00000
__Lend_init                          end_init     0011F
__Lfunctab                           functab      00000
__LidataBANK0                        idataBANK0   00000
__LidataBANK1                        idataBANK1   00000
__Lidloc                             idloc        00000
__Linit                              init         0011F
__Linittext                          inittext     00000
__Lintentry                          intentry     00004
__Lmaintext                          maintext     00000
__Lpa_nodes                          pa_nodes     00000
__Lpowerup                           powerup      00000
__Lram                               ram          00000
__Lreset_vec                         reset_vec    00000
__Lsfr0                              sfr0         00000
__Lsfr1                              sfr1         00000
__Lsfr10                             sfr10        00000
__Lsfr11                             sfr11        00000
__Lsfr12                             sfr12        00000
__Lsfr13                             sfr13        00000
__Lsfr14                             sfr14        00000
__Lsfr15                             sfr15        00000
__Lsfr16                             sfr16        00000
__Lsfr17                             sfr17        00000
__Lsfr18                             sfr18        00000
__Lsfr19                             sfr19        00000
__Lsfr2                              sfr2         00000
__Lsfr20                             sfr20        00000
__Lsfr21                             sfr21        00000
__Lsfr22                             sfr22        00000
__Lsfr23                             sfr23        00000
__Lsfr24                             sfr24        00000
__Lsfr25                             sfr25        00000
__Lsfr26                             sfr26        00000
__Lsfr27                             sfr27        00000
__Lsfr28                             sfr28        00000
__Lsfr29                             sfr29        00000
__Lsfr3                              sfr3         00000
__Lsfr30                             sfr30        00000
__Lsfr31                             sfr31        00000
__Lsfr4                              sfr4         00000
__Lsfr5                              sfr5         00000
__Lsfr6                              sfr6         00000
__Lsfr7                              sfr7         00000
__Lsfr8                              sfr8         00000
__Lsfr9                              sfr9         00000
__Lstrings                           strings      00000
__Ltext                              text         00000
__S0                                 (abs)        08009
__S1                                 (abs)        000EE
__S2                                 (abs)        00000
___ftdiv                             text604      00EC7
___ftdiv@cntr                        cstackBANK0  00060
___ftdiv@exp                         cstackBANK0  00064
___ftdiv@f1                          cstackBANK0  0005A
___ftdiv@f2                          cstackBANK0  00057
___ftdiv@f3                          cstackBANK0  00061
___ftdiv@sign                        cstackBANK0  00065
___ftpack                            text604      00F29
___ftpack@arg                        cstackCOMMON 00070
___ftpack@exp                        cstackCOMMON 00073
___ftpack@sign                       cstackCOMMON 00074
___fttol                             text604      00F63
___fttol@exp1                        cstackBANK0  00053
___fttol@f1                          cstackCOMMON 00078
___fttol@lval                        cstackBANK0  0004F
___fttol@sign1                       cstackBANK0  0004E
___lwtoft                            text604      00E11
___lwtoft@c                          cstackBANK0  00054
___wmul                              text604      00AE5
___wmul@multiplicand                 cstackCOMMON 00072
___wmul@multiplier                   cstackCOMMON 00070
___wmul@product                      cstackCOMMON 00074
__end_of_BatteryStateSwitch          text604      00C9E
__end_of_Delay                       text604      00B19
__end_of_GetBatteryVoltage           text604      00C5A
__end_of_GetLoadCurrentVoltage       text604      00E28
__end_of_GetSolarPanelVoltage        text604      00B01
__end_of_ISR_Timer                   intentry     0011F
__end_of_KaiJi                       text604      00A33
__end_of_LedDisplay                  text604      00CEC
__end_of_LoadCurrentDealWith         text604      01000
__end_of_PWMCharge                   text587      00334
__end_of_ReadEE                      text604      00E11
__end_of_SelectMode                  text604      00CD8
__end_of_SolarPanelDealWith          text604      00AE5
__end_of_SwitchBatteryState          text604      00C53
__end_of___ftdiv                     text604      00F29
__end_of___ftpack                    text604      00F63
__end_of___fttol                     text604      00FB8
__end_of___lwtoft                    text604      00E21
__end_of___wmul                      text604      00AFA
__end_of_delay                       text604      009DD
__end_of_getADValue                  text604      00D83
__end_of_getADValueOneTime           text604      00834
__end_of_lcd_init                    text604      00843
__end_of_lcd_move_char               text604      0097C
__end_of_lcd_print_line1             text604      009A0
__end_of_lcd_print_line2             text604      009C5
__end_of_lcd_write_command           text604      009AB
__end_of_lcd_write_data              text604      00CA9
__end_of_load_system_state           text604      00DA0
__end_of_main                        text604      0096B
__end_of_readFromEEPROM              text604      00E04
__end_of_system_state_init           text604      00D34
__pbitbssBANK0                       bitbssBANK0  00358
__pbitnvBANK0                        bitnvBANK0   00370
__pbssBANK0                          bssBANK0     00020
__pcstackBANK0                       cstackBANK0  0004B
__pcstackCOMMON                      cstackCOMMON 00070
__pdataBANK0                         dataBANK0    0006F
__pdataBANK1                         dataBANK1    000A0
__pidataBANK0                        idataBANK0   00000
__pidataBANK1                        idataBANK1   00339
__pintentry                          intentry     00004
__pmaintext                          text604      00843
__pstrings                           strings      00200
__ptext585                           text604      009DD
__ptext586                           text604      00B19
__ptext587                           text587      002E4
__ptext588                           text604      00A33
__ptext589                           text604      00FBF
__ptext590                           text604      00E21
__ptext591                           text604      00AFA
__ptext592                           text604      00C53
__ptext593                           text604      00D83
__ptext594                           text604      009AB
__ptext595                           text604      0097C
__ptext596                           text604      00834
__ptext597                           text604      0096B
__ptext598                           text604      00D34
__ptext599                           text604      00DA0
__ptext600                           text604      00E11
__ptext601                           text604      00EC7
__ptext602                           text604      009A0
__ptext603                           text604      00C9E
__ptext604                           text604      0080A
__ptext605                           text604      00CEC
__ptext606                           text604      00F63
__ptext607                           text604      00F29
__ptext608                           text604      00AE5
__ptext609                           text604      00CD8
__ptext610                           text604      00C5A
__ptext611                           text604      00CA9
__ptext612                           text604      00E04
__ptext613                           text604      00B01
__ptext614                           text604      009C5
__size_of_BatteryStateSwitch         (abs)        00000
__size_of_Delay                      (abs)        00000
__size_of_GetBatteryVoltage          (abs)        00000
__size_of_GetLoadCurrentVoltage      (abs)        00000
__size_of_GetSolarPanelVoltage       (abs)        00000
__size_of_ISR_Timer                  (abs)        00000
__size_of_KaiJi                      (abs)        00000
__size_of_LedDisplay                 (abs)        00000
__size_of_LoadCurrentDealWith        (abs)        00000
__size_of_PWMCharge                  (abs)        00000
__size_of_ReadEE                     (abs)        00000
__size_of_SelectMode                 (abs)        00000
__size_of_SolarPanelDealWith         (abs)        00000
__size_of_SwitchBatteryState         (abs)        00000
__size_of___ftdiv                    (abs)        00000
__size_of___ftpack                   (abs)        00000
__size_of___fttol                    (abs)        00000
__size_of___lwtoft                   (abs)        00000
__size_of___wmul                     (abs)        00000
__size_of_delay                      (abs)        00000
__size_of_getADValue                 (abs)        00000
__size_of_getADValueOneTime          (abs)        00000
__size_of_lcd_init                   (abs)        00000
__size_of_lcd_move_char              (abs)        00000
__size_of_lcd_print_line1            (abs)        00000
__size_of_lcd_print_line2            (abs)        00000
__size_of_lcd_write_command          (abs)        00000
__size_of_lcd_write_data             (abs)        00000
__size_of_load_system_state          (abs)        00000
__size_of_main                       (abs)        00000
__size_of_readFromEEPROM             (abs)        00000
__size_of_system_state_init          (abs)        00000
__stringtab                          strings      00200
_batteryStatePointer                 dataBANK1    000A0
_batteryType                         bssBANK0     00044
_charPointer                         bssBANK0     00034
_checking                            dataBANK1    000CF
_delay                               text604      009C5
_enter_settings_timer                bssBANK0     00045
_exit                                init         0011F
_gBatteryVoltage                     bssBANK0     00036
_gFbVoltage                          bssBANK0     00038
_gSolarPanelVoltage                  bssBANK0     0003A
_getADValue                          text604      00D34
_getADValueOneTime                   text604      0080A
_isNeedChange                        bitbssBANK0  00364
_isSaveSettings                      bitbssBANK0  00365
_isSettingMode                       bitbssBANK0  00366
_is_second_setting                   bitbssBANK0  00367
_lcd_extinguwish_timer               bssBANK0     00046
_lcd_init                            text604      00834
_lcd_move_char                       text604      0096B
_lcd_print_line1                     text604      0097C
_lcd_print_line2                     text604      009AB
_lcd_state                           bssBANK0     00047
_lcd_timer                           bssBANK0     00048
_lcd_write_command                   text604      009A0
_lcd_write_data                      text604      00C9E
_load_system_state                   text604      00D83
_main                                text604      00843
_needInitSetting                     bitbssBANK0  00368
_rb4_flag                            bitbssBANK0  00369
_readFromEEPROM                      text604      00DA0
_setting_no_save_timer               bssBANK0     00049
_setting_save_timer                  bssBANK0     0004A
_state1_1                            strings      00256
_state1_2                            strings      00266
_state2_1                            strings      002B4
_state2_2                            strings      002CE
_state2_3                            strings      002DA
_state2_4                            strings      002C1
_state3_1                            strings      00201
_state3_2                            strings      00212
_state4_1                            strings      00223
_state5_1                            strings      00234
_state5_2                            strings      00276
_state6_1                            strings      00286
_state6_2                            strings      00296
_state7_1                            strings      002A5
_state7_2                            strings      00245
_systemType1                         dataBANK1    000DB
_system_state_init                   text604      00CEC
_welcome                             dataBANK1    000E6
btemp                                (abs)        0007E
clear_ram                            clrtext      003A2
delay@a                              cstackCOMMON 00072
delay@b                              cstackCOMMON 00074
delay@x                              cstackCOMMON 00070
end_of_initialization                cinit        0039F
getADValue@AD_OneResult              cstackBANK0  00058
getADValue@AD_Result                 cstackBANK0  00050
getADValue@channel                   cstackBANK0  0004F
getADValue@i                         cstackBANK0  00056
getADValue@max                       cstackBANK0  00052
getADValue@min                       cstackBANK0  00054
getADValueOneTime@AD_Result          cstackCOMMON 0007B
getADValueOneTime@channel            cstackCOMMON 0007A
i1l4786                                                
i1l4790                                                
i1l4798                                                
i1l4822                                                
i1l4830                                                
i1l4858                                                
i1l4862                                                
i1l4866                                                
i1l4884                                                
i1l4888                                                
i1l4892                                                
i1l4894                                                
i1l4906                                                
i1l4908                                                
i1l4914                                                
i1l4916                                                
i1l4920                                                
i1l4922                                                
i1l4930                                                
i1l4932                                                
i1l4948                                                
i1l4950                                                
i1l4972                                                
i1l4974                                                
i1l4982                                                
i1l4988                                                
init_ram                             inittext     003A8
intlevel0                            functab      00000
intlevel1                            functab      00000
intlevel2                            functab      00000
intlevel3                            functab      00000
intlevel4                            functab      00000
intlevel5                            functab      00000
l2229                                                  
l2247                                                  
l2250                                                  
l2259                                                  
l2272                                                  
l2275                                                  
l2278                                                  
l2284                                                  
l2423                                                  
l2494                                                  
l2497                                                  
l2500                                                  
l2503                                                  
l2515                                                  
l2521                                                  
l2527                                                  
l2683                                                  
l2903                                                  
l4654                                                  
l4674                                                  
l4680                                                  
l4684                                                  
l4686                                                  
l4688                                                  
l4694                                                  
l4698                                                  
l4702                                                  
l4710                                                  
l4720                                                  
l4722                                                  
l4724                                                  
l4776                                                  
l4994                                                  
l5002                                                  
l5004                                                  
l5010                                                  
l5012                                                  
l5032                                                  
l5034                                                  
l5036                                                  
l5038                                                  
l5044                                                  
l5046                                                  
l5048                                                  
l5050                                                  
l5052                                                  
l5060                                                  
l5070                                                  
l5076                                                  
l5078                                                  
l5080                                                  
l5082                                                  
l5084                                                  
l5086                                                  
l5088                                                  
l5090                                                  
l5092                                                  
l5094                                                  
l5096                                                  
l5098                                                  
l5100                                                  
l5102                                                  
l5104                                                  
l5106                                                  
l5108                                                  
l5110                                                  
l5112                                                  
l5114                                                  
l5116                                                  
l5118                                                  
l5120                                                  
l5122                                                  
l5124                                                  
l5126                                                  
l5128                                                  
l5132                                                  
l5134                                                  
l5138                                                  
l5140                                                  
l5142                                                  
l5144                                                  
l5146                                                  
l5148                                                  
l5150                                                  
l5152                                                  
l5154                                                  
l5156                                                  
l5158                                                  
l5170                                                  
l5172                                                  
l5174                                                  
l5176                                                  
l5178                                                  
l5180                                                  
l5182                                                  
l5184                                                  
l5186                                                  
l5192                                                  
l5196                                                  
l5198                                                  
l5202                                                  
l5206                                                  
l5210                                                  
l5212                                                  
l5214                                                  
l5216                                                  
l5218                                                  
l5230                                                  
l5238                                                  
l5240                                                  
l5250                                                  
l5254                                                  
l5258                                                  
l5260                                                  
l5262                                                  
l5266                                                  
l5270                                                  
l5272                                                  
l5274                                                  
l5278                                                  
l5282                                                  
l5286                                                  
l5290                                                  
l5292                                                  
l5294                                                  
l5298                                                  
l5300                                                  
l5304                                                  
l5306                                                  
l5310                                                  
l5318                                                  
l5320                                                  
l5322                                                  
l5328                                                  
l5330                                                  
l5332                                                  
l5338                                                  
l5340                                                  
l5342                                                  
l5344                                                  
l5354                                                  
l5360                                                  
l5362                                                  
l5364                                                  
l5366                                                  
l5372                                                  
l5374                                                  
l5376                                                  
l5382                                                  
l5386                                                  
l5388                                                  
l5390                                                  
l5392                                                  
l5396                                                  
l5398                                                  
l5400                                                  
l5402                                                  
l5408                                                  
l5410                                                  
l5412                                                  
l5414                                                  
l5416                                                  
l5426                                                  
l5428                                                  
l5430                                                  
l5442                                                  
l5444                                                  
l5448                                                  
l5450                                                  
l5456                                                  
l5460                                                  
l5482                                                  
l5484                                                  
l5486                                                  
l5490                                                  
l5492                                                  
l5494                                                  
l5496                                                  
l5498                                                  
l5500                                                  
l5502                                                  
l5504                                                  
l5514                                                  
l5516                                                  
l5518                                                  
l5520                                                  
l5526                                                  
l5528                                                  
l5530                                                  
l5534                                                  
l5536                                                  
l5538                                                  
l5540                                                  
l5548                                                  
l5550                                                  
l5552                                                  
l5554                                                  
l5562                                                  
l5564                                                  
l5566                                                  
l5568                                                  
l5574                                                  
l5576                                                  
l5578                                                  
l5582                                                  
l5586                                                  
l5590                                                  
l5592                                                  
l5594                                                  
l5600                                                  
l5602                                                  
l5612                                                  
l5614                                                  
l5616                                                  
l5618                                                  
l5624                                                  
l5626                                                  
l5628                                                  
l5632                                                  
l5636                                                  
l5640                                                  
l5642                                                  
l5662                                                  
l5664                                                  
l5666                                                  
l5668                                                  
l5674                                                  
l5676                                                  
l5678                                                  
l5682                                                  
l5686                                                  
l5690                                                  
l5692                                                  
l5712                                                  
l5714                                                  
l5716                                                  
l5718                                                  
l5724                                                  
l5726                                                  
l5728                                                  
l5738                                                  
l5740                                                  
l5742                                                  
l5744                                                  
l5746                                                  
l5748                                                  
l5750                                                  
l5752                                                  
l5754                                                  
l5758                                                  
l5764                                                  
l5766                                                  
l5784                                                  
l5786                                                  
l5788                                                  
l5790                                                  
l5792                                                  
l5794                                                  
l5796                                                  
l5798                                                  
l5800                                                  
l5802                                                  
l5804                                                  
l5808                                                  
l5810                                                  
l5812                                                  
l5814                                                  
l5816                                                  
l5820                                                  
l5826                                                  
l5834                                                  
l5838                                                  
l5840                                                  
l5844                                                  
l5846                                                  
l5848                                                  
l5850                                                  
l5860                                                  
l5862                                                  
l5864                                                  
l5874                                                  
l5876                                                  
l5878                                                  
l5888                                                  
l5890                                                  
l5892                                                  
l5902                                                  
l5904                                                  
l5906                                                  
l5916                                                  
l5918                                                  
l5920                                                  
l5936                                                  
l5942                                                  
l5944                                                  
l5952                                                  
l5954                                                  
lcd_move_char@i                      cstackCOMMON 00078
lcd_move_char@postion                cstackCOMMON 00077
lcd_print_line1@charPointer          cstackCOMMON 00077
lcd_print_line1@clear                cstackCOMMON 0007A
lcd_print_line1@postion              cstackCOMMON 00079
lcd_print_line2@charPointer          cstackCOMMON 00077
lcd_print_line2@postion              cstackCOMMON 00079
lcd_write_command@command            cstackCOMMON 00076
lcd_write_data@data                  cstackCOMMON 00076
readFromEEPROM@h_byte                cstackBANK0  00067
readFromEEPROM@l_byte                cstackBANK0  00066
readFromEEPROM@read_data             cstackBANK0  00068
readFromEEPROM@type                  cstackBANK0  0006A
reset_vec                            reset_vec    00000
start                                init         0011F
start_initialization                 cinit        00387
u2680                                                  
wtemp0                               (abs)        0007E
